Archive member included to satisfy reference by file (symbol)

../../../../cpu/br23/liba/cpu.a(crc16.c.o)
                              objs/cpu/br23/setup.c.o (symbol from plugin) (__crc16_mutex_init)
../../../../cpu/br23/liba/cpu.a(uart.c.o)
                              objs/cpu/br23/adc_api.c.o (symbol from plugin) (delay)
../../../../cpu/br23/liba/cpu.a(usb.c.o)
                              objs/apps/common/device/usb/usb_config.c.o (symbol from plugin) (usb_sofie_enable)
../../../../cpu/br23/liba/cpu.a(clock.c.o)
                              objs/apps/common/third_party_profile/hilink_protocol/hilink_ota.c.o (symbol from plugin) (clk_get)
../../../../cpu/br23/liba/cpu.a(gpio.c.o)
                              objs/apps/common/device/usb/usb_config.c.o (symbol from plugin) (usb_iomode)
../../../../cpu/br23/liba/cpu.a(timer.c.o)
                              objs/apps/common/device/key/key_driver.c.o (symbol from plugin) (timer_get_ms)
../../../../cpu/br23/liba/cpu.a(debug.c.o)
                              objs/apps/common/device/usb/device/msd_upgrade.c.o (symbol from plugin) (ram_protect_close)
../../../../cpu/br23/liba/cpu.a(wdt.c.o)
                              objs/cpu/br23/setup.c.o (symbol from plugin) (wdt_close)
../../../../cpu/br23/liba/cpu.a(efuse.c.o)
                              objs/cpu/br23/charge.c.o (symbol from plugin) (get_vbat_trim)
../../../../cpu/br23/liba/cpu.a(vm.c.o)
                              objs/apps/common/third_party_profile/tuya_protocol/port/tuya_ble_port_JL.c.o (symbol from plugin) (sfc_erase)
../../../../cpu/br23/liba/cpu.a(p33.c.o)
                              objs/cpu/br23/adc_api.c.o (symbol from plugin) (p33_and_1byte)
../../../../cpu/br23/liba/cpu.a(power_hw.c.o)
                              objs/cpu/br23/adc_api.c.o (symbol from plugin) (is_lcd_on)
../../../../cpu/br23/liba/cpu.a(power_wakeup.c.o)
                              power_hw.c.o (symbol from plugin) (__hw_wakeup_port_init)
../../../../cpu/br23/liba/cpu.a(rtc.c.o)
                              power_wakeup.c.o (symbol from plugin) (rtc_port_pr_in)
../../../../cpu/br23/liba/cpu.a(pmu_calibrate.c.o)
                              power_hw.c.o (symbol from plugin) (get_vddiow_trim)
../../../../cpu/br23/liba/cpu.a(power_port.c.o)
                              objs/apps/spp_and_le/board/br23/board_ac635n_demo.c.o (symbol from plugin) (port_protect)
../../../../cpu/br23/liba/cpu.a(otg.c.o)
                              objs/apps/common/device/usb/usb_config.c.o (symbol from plugin) (usb_otg_suspend)
../../../../cpu/br23/liba/cpu.a(usb_phy.c.o)
                              objs/apps/common/device/usb/usb_config.c.o (symbol from plugin) (usb_read_sofframe)
../../../../cpu/br23/liba/cpu.a(usb_setup.c.o)
                              objs/apps/common/device/usb/usb_config.c.o (symbol from plugin) (usb_device2id)
../../../../cpu/br23/liba/cpu.a(descriptor.c.o)
                              usb_setup.c.o (symbol from plugin) (get_device_descriptor)
../../../../cpu/br23/liba/cpu.a(virtual_rtc.c.o)
                              power_hw.c.o (symbol from plugin) (update_sys_time)
../../../../cpu/br23/liba/cpu.a(startup.S.o)
                              (_start)
../../../../cpu/br23/liba/cpu.a(encryption.c.o)
                              vm.c.o (symbol from plugin) (doe)
../../../../cpu/br23/liba/cpu.a(lp_timer_hw.c.o)
                              power_hw.c.o (symbol from plugin) (__hw_nv_timer0_dump)
../../../../cpu/br23/liba/cpu.a(lrc_hw.c.o)
                              power_hw.c.o (symbol from plugin) (__get_lrc_hz)
../../../../cpu/br23/liba/cpu.a(misc_hw.c.o)
                              power_hw.c.o (symbol from plugin) (watchdog_close)
../../../../cpu/br23/liba/system.a(os_api.c.o)
                              objs/apps/common/third_party_profile/Tecent_LL/tecent_ll_demo/ll_task.c.o (symbol from plugin) (os_task_create)
../../../../cpu/br23/liba/system.a(tasks.c.o)
                              os_api.c.o (symbol from plugin) (xTaskCreate)
../../../../cpu/br23/liba/system.a(main.c.o)
                              tasks.c.o (symbol from plugin) (vApplicationIdleHook)
../../../../cpu/br23/liba/system.a(list.c.o)
                              tasks.c.o (symbol from plugin) (vListInitialise)
../../../../cpu/br23/liba/system.a(queue.c.o)
                              os_api.c.o (symbol from plugin) (xQueueGenericReset)
../../../../cpu/br23/liba/system.a(app_core.c.o)
                              objs/apps/spp_and_le/app_main.c.o (symbol from plugin) (start_app)
../../../../cpu/br23/liba/system.a(ASCII_lib.c.o)
                              objs/cpu/br23/audio_dec/audio_dec_tone.c.o (symbol from plugin) (ASCII_StrCmpNoCase)
../../../../cpu/br23/liba/system.a(circular_buf.c.o)
                              objs/apps/common/third_party_profile/Tecent_LL/tecent_ll_demo/ll_task.c.o (symbol from plugin) (cbuf_read)
../../../../cpu/br23/liba/system.a(syscfg_api.c.o)
[...]
Memory Configuration

Name             Origin             Length             Attributes
psram            0x00800000         0x00200000         xrw
code0            0x01e00120         0x00100000         xr
ram0             0x00000000         0x0002bf00         xrw
ram1             0x0002c000         0x00003f80         xrw
*default*        0x00000000         0xffffffff

Linker script and memory map

LOAD objs/apps/common/audio/audio_utils.c.o
LOAD ../../../../cpu/br23/tools/sdk.elf.o
LOAD objs/apps/common/audio/decode/decode.c.o
LOAD objs/apps/common/audio/sine_make.c.o
LOAD objs/apps/common/bt_common/bt_test_api.c.o
LOAD objs/apps/common/cJSON/cJSON.c.o
LOAD objs/apps/common/debug/debug.c.o
LOAD objs/apps/common/device/gSensor/fmy/SC7A20_E.c.o
LOAD objs/apps/common/device/gSensor/fmy/SC7A20_TR.c.o
LOAD objs/apps/common/device/gSensor/fmy/gSensor_manage.c.o
LOAD objs/apps/common/device/gSensor/fmy/gsensor_api.c.o
LOAD objs/apps/common/device/gSensor/fmy/msa310.c.o
LOAD objs/apps/common/device/gSensor/fmy/msa310_function.c.o
LOAD objs/apps/common/device/key/adkey.c.o
LOAD objs/apps/common/device/key/iokey.c.o
LOAD objs/apps/common/device/key/irkey.c.o
LOAD objs/apps/common/device/key/key_driver.c.o
LOAD objs/apps/common/device/key/touch_key.c.o
LOAD objs/apps/common/device/norflash/norflash.c.o
LOAD objs/apps/common/device/usb/device/cdc.c.o
LOAD objs/apps/common/device/usb/device/custom_hid.c.o
LOAD objs/apps/common/device/usb/device/descriptor.c.o
LOAD objs/apps/common/device/usb/device/hid.c.o
LOAD objs/apps/common/device/usb/device/msd.c.o
LOAD objs/apps/common/device/usb/device/msd_upgrade.c.o
LOAD objs/apps/common/device/usb/device/task_pc.c.o
LOAD objs/apps/common/device/usb/device/uac1.c.o
LOAD objs/apps/common/device/usb/device/uac_stream.c.o
LOAD objs/apps/common/device/usb/device/usb_device.c.o
LOAD objs/apps/common/device/usb/device/user_setup.c.o
LOAD objs/apps/common/device/usb/host/adb.c.o
LOAD objs/apps/common/device/usb/host/aoa.c.o
LOAD objs/apps/common/device/usb/host/audio.c.o
LOAD objs/apps/common/device/usb/host/audio_demo.c.o
LOAD objs/apps/common/device/usb/host/hid.c.o
LOAD objs/apps/common/device/usb/host/usb_bulk_transfer.c.o
LOAD objs/apps/common/device/usb/host/usb_ctrl_transfer.c.o
LOAD objs/apps/common/device/usb/host/usb_host.c.o
LOAD objs/apps/common/device/usb/host/usb_storage.c.o
LOAD objs/apps/common/device/usb/usb_config.c.o
LOAD objs/apps/common/device/usb/usb_host_config.c.o
LOAD objs/apps/common/jl_kws/jl_kws_algo.c.o
LOAD objs/apps/common/jl_kws/jl_kws_audio.c.o
LOAD objs/apps/common/jl_kws/jl_kws_event.c.o
LOAD objs/apps/common/jl_kws/jl_kws_main.c.o
LOAD objs/apps/common/temp_trim/dtemp_pll_trim.c.o
LOAD objs/apps/common/third_party_profile/Tecent_LL/tecent_ll_demo/ll_task.c.o
LOAD objs/apps/common/third_party_profile/Tecent_LL/tecent_protocol/ble_qiot_import.c.o
LOAD objs/apps/common/third_party_profile/Tecent_LL/tecent_protocol/ble_qiot_llsync_data.c.o
LOAD objs/apps/common/third_party_profile/Tecent_LL/tecent_protocol/ble_qiot_llsync_device.c.o
LOAD objs/apps/common/third_party_profile/Tecent_LL/tecent_protocol/ble_qiot_llsync_event.c.o
LOAD objs/apps/common/third_party_profile/Tecent_LL/tecent_protocol/ble_qiot_llsync_ota.c.o
LOAD objs/apps/common/third_party_profile/Tecent_LL/tecent_protocol/ble_qiot_service.c.o
LOAD objs/apps/common/third_party_profile/Tecent_LL/tecent_protocol/ble_qiot_template.c.o
LOAD objs/apps/common/third_party_profile/Tecent_LL/tecent_protocol/ble_qiot_utils_base64.c.o
LOAD objs/apps/common/third_party_profile/Tecent_LL/tecent_protocol/ble_qiot_utils_crc.c.o
LOAD objs/apps/common/third_party_profile/Tecent_LL/tecent_protocol/ble_qiot_utils_hmac.c.o
LOAD objs/apps/common/third_party_profile/Tecent_LL/tecent_protocol/ble_qiot_utils_log.c.o
LOAD objs/apps/common/third_party_profile/Tecent_LL/tecent_protocol/ble_qiot_utils_md5.c.o
LOAD objs/apps/common/third_party_profile/Tecent_LL/tecent_protocol/ble_qiot_utils_sha1.c.o
LOAD objs/apps/common/third_party_profile/common/custom_cfg.c.o
LOAD objs/apps/common/third_party_profile/hilink_protocol/hilink_ota.c.o
LOAD objs/apps/common/third_party_profile/hilink_protocol/hilink_protocol.c.o
LOAD objs/apps/common/third_party_profile/hilink_protocol/hilink_task.c.o
LOAD objs/apps/common/third_party_profile/hilink_protocol/mbedtls_protocol/aes.c.o
LOAD objs/apps/common/third_party_profile/hilink_protocol/mbedtls_protocol/arc4.c.o
LOAD objs/apps/common/third_party_profile/hilink_protocol/mbedtls_protocol/bignum.c.o
LOAD objs/apps/common/third_party_profile/hilink_protocol/mbedtls_protocol/blowfish.c.o
LOAD objs/apps/common/third_party_profile/hilink_protocol/mbedtls_protocol/ccm.c.o
LOAD objs/apps/common/third_party_profile/hilink_protocol/mbedtls_protocol/chacha20.c.o
LOAD objs/apps/common/third_party_profile/hilink_protocol/mbedtls_protocol/chachapoly.c.o
LOAD objs/apps/common/third_party_profile/hilink_protocol/mbedtls_protocol/cipher.c.o
LOAD objs/apps/common/third_party_profile/hilink_protocol/mbedtls_protocol/cipher_wrap.c.o
LOAD objs/apps/common/third_party_profile/hilink_protocol/mbedtls_protocol/des.c.o
LOAD objs/apps/common/third_party_profile/hilink_protocol/mbedtls_protocol/gcm.c.o
LOAD objs/apps/common/third_party_profile/hilink_protocol/mbedtls_protocol/mbedtls_main.c.o
LOAD objs/apps/common/third_party_profile/hilink_protocol/mbedtls_protocol/md.c.o
LOAD objs/apps/common/third_party_profile/hilink_protocol/mbedtls_protocol/md5.c.o
LOAD objs/apps/common/third_party_profile/hilink_protocol/mbedtls_protocol/pkcs5.c.o
LOAD objs/apps/common/third_party_profile/hilink_protocol/mbedtls_protocol/poly1305.c.o
LOAD objs/apps/common/third_party_profile/hilink_protocol/mbedtls_protocol/ripemd160.c.o
LOAD objs/apps/common/third_party_profile/hilink_protocol/mbedtls_protocol/sha1.c.o
LOAD objs/apps/common/third_party_profile/hilink_protocol/mbedtls_protocol/sha256.c.o
LOAD objs/apps/common/third_party_profile/hilink_protocol/mbedtls_protocol/sha512.c.o
LOAD objs/apps/common/third_party_profile/jieli/JL_rcsp/bt_trans_data/rcsp_hid_inter.c.o
LOAD objs/apps/common/third_party_profile/jieli/JL_rcsp/rcsp_bluetooth.c.o
LOAD objs/apps/common/third_party_profile/jieli/JL_rcsp/rcsp_updata/rcsp_ch_loader_download.c.o
LOAD objs/apps/common/third_party_profile/jieli/JL_rcsp/rcsp_updata/rcsp_user_update.c.o
LOAD objs/apps/common/third_party_profile/jieli/gatt_common/le_gatt_client.c.o
LOAD objs/apps/common/third_party_profile/jieli/gatt_common/le_gatt_common.c.o
LOAD objs/apps/common/third_party_profile/jieli/gatt_common/le_gatt_server.c.o
LOAD objs/apps/common/third_party_profile/jieli/online_db/online_db_deal.c.o
LOAD objs/apps/common/third_party_profile/jieli/online_db/spp_online_db.c.o
LOAD objs/apps/common/third_party_profile/tuya_protocol/app/demo/tuya_ble_app_demo.c.o
LOAD objs/apps/common/third_party_profile/tuya_protocol/app/demo/tuya_ota.c.o
LOAD objs/apps/common/third_party_profile/tuya_protocol/app/product_test/tuya_ble_app_production_test.c.o
LOAD objs/apps/common/third_party_profile/tuya_protocol/app/uart_common/tuya_ble_app_uart_common_handler.c.o
LOAD objs/apps/common/third_party_profile/tuya_protocol/extern_components/mbedtls/aes.c.o
LOAD objs/apps/common/third_party_profile/tuya_protocol/extern_components/mbedtls/ccm.c.o
LOAD objs/apps/common/third_party_profile/tuya_protocol/extern_components/mbedtls/hmac.c.o
LOAD objs/apps/common/third_party_profile/tuya_protocol/extern_components/mbedtls/md5.c.o
LOAD objs/apps/common/third_party_profile/tuya_protocol/extern_components/mbedtls/sha1.c.o
LOAD objs/apps/common/third_party_profile/tuya_protocol/extern_components/mbedtls/sha256.c.o
LOAD objs/apps/common/third_party_profile/tuya_protocol/port/tuya_ble_port.c.o
LOAD objs/apps/common/third_party_profile/tuya_protocol/port/tuya_ble_port_JL.c.o
LOAD objs/apps/common/third_party_profile/tuya_protocol/port/tuya_ble_port_peripheral.c.o
LOAD objs/apps/common/third_party_profile/tuya_protocol/sdk/src/tuya_ble_api.c.o
LOAD objs/apps/common/third_party_profile/tuya_protocol/sdk/src/tuya_ble_bulk_data.c.o
LOAD objs/apps/common/third_party_profile/tuya_protocol/sdk/src/tuya_ble_data_handler.c.o
LOAD objs/apps/common/third_party_profile/tuya_protocol/sdk/src/tuya_ble_event.c.o
LOAD objs/apps/common/third_party_profile/tuya_protocol/sdk/src/tuya_ble_event_handler.c.o
LOAD objs/apps/common/third_party_profile/tuya_protocol/sdk/src/tuya_ble_event_handler_weak.c.o
LOAD objs/apps/common/third_party_profile/tuya_protocol/sdk/src/tuya_ble_feature_weather.c.o
LOAD objs/apps/common/third_party_profile/tuya_protocol/sdk/src/tuya_ble_gatt_send_queue.c.o
LOAD objs/apps/common/third_party_profile/tuya_protocol/sdk/src/tuya_ble_heap.c.o
LOAD objs/apps/common/third_party_profile/tuya_protocol/sdk/src/tuya_ble_main.c.o
LOAD objs/apps/common/third_party_profile/tuya_protocol/sdk/src/tuya_ble_mem.c.o
LOAD objs/apps/common/third_party_profile/tuya_protocol/sdk/src/tuya_ble_mutli_tsf_protocol.c.o
LOAD objs/apps/common/third_party_profile/tuya_protocol/sdk/src/tuya_ble_queue.c.o
LOAD objs/apps/common/third_party_profile/tuya_protocol/sdk/src/tuya_ble_storage.c.o
LOAD objs/apps/common/third_party_profile/tuya_protocol/sdk/src/tuya_ble_unix_time.c.o
LOAD objs/apps/common/third_party_profile/tuya_protocol/sdk/src/tuya_ble_utils.c.o
LOAD objs/apps/common/update/testbox_update.c.o
LOAD objs/apps/common/update/uart_update.c.o
LOAD objs/apps/common/update/uart_update_master.c.o
LOAD objs/apps/common/update/update.c.o
LOAD objs/apps/spp_and_le/app_main.c.o
LOAD objs/apps/spp_and_le/board/br23/board_ac635n_demo.c.o
LOAD objs/apps/spp_and_le/board/br23/board_ac635n_fmy.c.o
LOAD objs/apps/spp_and_le/config/lib_btctrler_config.c.o
LOAD objs/apps/spp_and_le/config/lib_btstack_config.c.o
LOAD objs/apps/spp_and_le/config/lib_driver_config.c.o
LOAD objs/apps/spp_and_le/config/lib_media_config.c.o
LOAD objs/apps/spp_and_le/config/lib_profile_config.c.o
LOAD objs/apps/spp_and_le/config/lib_system_config.c.o
LOAD objs/apps/spp_and_le/config/lib_update_config.c.o
LOAD objs/apps/spp_and_le/config/log_config.c.o
LOAD objs/apps/spp_and_le/examples/at_char_com/app_at_char_com.c.o
LOAD objs/apps/spp_and_le/examples/at_char_com/at_char_cmds.c.o
LOAD objs/apps/spp_and_le/examples/at_char_com/at_char_uart.c.o
LOAD objs/apps/spp_and_le/examples/at_char_com/ble_at_char_client.c.o
LOAD objs/apps/spp_and_le/examples/at_char_com/ble_at_char_com.c.o
LOAD objs/apps/spp_and_le/examples/at_com/app_at_com.c.o
LOAD objs/apps/spp_and_le/examples/at_com/at_cmds.c.o
LOAD objs/apps/spp_and_le/examples/at_com/at_uart.c.o
LOAD objs/apps/spp_and_le/examples/at_com/ble_at_client.c.o
LOAD objs/apps/spp_and_le/examples/at_com/ble_at_com.c.o
LOAD objs/apps/spp_and_le/examples/at_com/spp_at_trans.c.o
LOAD objs/apps/spp_and_le/examples/ble_beacon/app_beacon.c.o
LOAD objs/apps/spp_and_le/examples/ble_beacon/ble_beacon.c.o
LOAD objs/apps/spp_and_le/examples/ble_central/app_central.c.o
LOAD objs/apps/spp_and_le/examples/ble_central/ble_central.c.o
LOAD objs/apps/spp_and_le/examples/ble_central/ble_central_server.c.o
LOAD objs/apps/spp_and_le/examples/conn_24g/app_conn_24g.c.o
LOAD objs/apps/spp_and_le/examples/conn_24g/ble_24g_client.c.o
LOAD objs/apps/spp_and_le/examples/conn_24g/ble_24g_server.c.o
LOAD objs/apps/spp_and_le/examples/dongle/app_dongle.c.o
LOAD objs/apps/spp_and_le/examples/dongle/ble_dg_central.c.o
LOAD objs/apps/spp_and_le/examples/dongle/edr_hid_user.c.o
LOAD objs/apps/spp_and_le/examples/dongle/ota_dg_central.c.o
LOAD objs/apps/spp_and_le/examples/dongle/usb_hid_devices.c.o
LOAD objs/apps/spp_and_le/examples/dongle/usb_second_hid_devices.c.o
LOAD objs/apps/spp_and_le/examples/findmy/app_fmy.c.o
LOAD objs/apps/spp_and_le/examples/findmy/ble_fmy.c.o
LOAD objs/apps/spp_and_le/examples/findmy/ble_fmy_fmna.c.o
LOAD objs/apps/spp_and_le/examples/findmy/ble_fmy_ota.c.o
LOAD objs/apps/spp_and_le/examples/findmy/ble_fmy_sensor_uart.c.o
LOAD objs/apps/spp_and_le/examples/ftms/app_ftms.c.o
LOAD objs/apps/spp_and_le/examples/ftms/ble_ftms.c.o
LOAD objs/apps/spp_and_le/examples/hilink/app_hilink.c.o
LOAD objs/apps/spp_and_le/examples/hilink/hilink_demo.c.o
LOAD objs/apps/spp_and_le/examples/idle/app_idle.c.o
LOAD objs/apps/spp_and_le/examples/ll_sync/app_ll_sync.c.o
LOAD objs/apps/spp_and_le/examples/ll_sync/ll_sync_demo.c.o
LOAD objs/apps/spp_and_le/examples/multi_conn/app_multi_conn.c.o
LOAD objs/apps/spp_and_le/examples/multi_conn/ble_multi.c.o
LOAD objs/apps/spp_and_le/examples/multi_conn/ble_multi_central.c.o
LOAD objs/apps/spp_and_le/examples/multi_conn/ble_multi_peripheral.c.o
LOAD objs/apps/spp_and_le/examples/nonconn_24g/app_nonconn_24g.c.o
LOAD objs/apps/spp_and_le/examples/nonconn_24g/ble_24g_deal.c.o
LOAD objs/apps/spp_and_le/examples/trans_data/app_spp_and_le.c.o
LOAD objs/apps/spp_and_le/examples/trans_data/ble_trans.c.o
LOAD objs/apps/spp_and_le/examples/trans_data/ble_trans_ios_services.c.o
LOAD objs/apps/spp_and_le/examples/trans_data/ble_trans_search.c.o
LOAD objs/apps/spp_and_le/examples/tuya/app_tuya.c.o
LOAD objs/apps/spp_and_le/examples/tuya/tuya_demo.c.o
LOAD objs/apps/spp_and_le/modules/bt/app_comm_ble.c.o
LOAD objs/apps/spp_and_le/modules/bt/app_comm_edr.c.o
LOAD objs/apps/spp_and_le/modules/bt/edr_emitter.c.o
LOAD objs/apps/spp_and_le/modules/bt/spp_trans.c.o
LOAD objs/apps/spp_and_le/modules/misc.c.o
LOAD objs/apps/spp_and_le/modules/power/app_charge.c.o
LOAD objs/apps/spp_and_le/modules/power/app_chargestore.c.o
LOAD objs/apps/spp_and_le/modules/power/app_handshake.c.o
LOAD objs/apps/spp_and_le/modules/power/app_power_manage.c.o
LOAD objs/apps/spp_and_le/modules/rtc_alarm.c.o
LOAD objs/apps/spp_and_le/modules/user_cfg.c.o
LOAD objs/apps/spp_and_le/modules/virtual_rtc_demo.c.o
LOAD objs/apps/spp_and_le/version.c.o
LOAD objs/cpu/br23/adc_api.c.o
LOAD objs/cpu/br23/audio_common/app_audio.c.o
LOAD objs/cpu/br23/audio_dec/audio_dec.c.o
LOAD objs/cpu/br23/audio_dec/audio_dec_midi_ctrl.c.o
LOAD objs/cpu/br23/audio_dec/audio_dec_midi_file.c.o
LOAD objs/cpu/br23/audio_dec/audio_dec_pc.c.o
LOAD objs/cpu/br23/audio_dec/audio_dec_tone.c.o
LOAD objs/cpu/br23/audio_dec/audio_usb_mic.c.o
LOAD objs/cpu/br23/audio_dec/tone_player.c.o
LOAD objs/cpu/br23/audio_demo/audio_dac_io_demo.c.o
LOAD objs/cpu/br23/audio_demo/audio_fft_demo.c.o
LOAD objs/cpu/br23/audio_effect/audio_eq_drc_demo.c.o
LOAD objs/cpu/br23/audio_effect/eq_config.c.o
LOAD objs/cpu/br23/audio_enc/audio_adc_demo.c.o
LOAD objs/cpu/br23/audio_enc/audio_enc.c.o
LOAD objs/cpu/br23/audio_enc/audio_mic_codec.c.o
LOAD objs/cpu/br23/charge.c.o
LOAD objs/cpu/br23/chargestore.c.o
LOAD objs/cpu/br23/clock_manager.c.o
LOAD objs/cpu/br23/ctmu.c.o
LOAD objs/cpu/br23/handshake_timer.c.o
LOAD objs/cpu/br23/iic_eeprom_test.c.o
LOAD objs/cpu/br23/iic_hw.c.o
LOAD objs/cpu/br23/iic_slave_test.c.o
LOAD objs/cpu/br23/iic_soft.c.o
LOAD objs/cpu/br23/irflt.c.o
LOAD objs/cpu/br23/led_spi.c.o
LOAD objs/cpu/br23/ledc_test.c.o
LOAD objs/cpu/br23/mcpwm.c.o
LOAD objs/cpu/br23/pap.c.o
LOAD objs/cpu/br23/plcnt.c.o
LOAD objs/cpu/br23/port_wkup.c.o
LOAD objs/cpu/br23/pwm_led.c.o
LOAD objs/cpu/br23/setup.c.o
LOAD objs/cpu/br23/spi.c.o
LOAD objs/cpu/br23/spi_test.c.o
LOAD objs/cpu/br23/uart_dev.c.o
LOAD objs/cpu/br23/uart_test.c.o
LOAD objs/apps/spp_and_le/mytask/app_mytask.c.o
LOAD objs/apps/spp_and_le/mytask/lcd_ctrl.c.o
LOAD objs/apps/spp_and_le/mytask/app_time.c.o
LOAD objs/apps/spp_and_le/mytask/app_event.c.o
LOAD objs/apps/spp_and_le/mytask/app_peripheral.c.o
LOAD objs/apps/spp_and_le/modules/TPF/Au_Adc.c.o
LOAD objs/apps/spp_and_le/modules/TPF/Au_Motor.c.o
LOAD objs/apps/spp_and_le/modules/TPF/Au_Printf.c.o
LOAD objs/apps/spp_and_le/modules/TPF/Au_Timer.c.o
START GROUP
LOAD ../../../../cpu/br23/liba/cpu.a
LOAD ../../../../cpu/br23/liba/system.a
LOAD ../../../../cpu/br23/liba/btstack.a
LOAD ../../../../cpu/br23/liba/btctrler.a
LOAD ../../../../cpu/br23/liba/crypto_toolbox_Osize.a
LOAD ../../../../cpu/br23/liba/rcsp_stack.a
LOAD ../../../../cpu/br23/liba/agreement.a
LOAD ../../../../cpu/br23/liba/JL_Phone_Call.a
LOAD ../../../../cpu/br23/liba/math.a
LOAD ../../../../cpu/br23/liba/fmna_stack.a
LOAD ../../../../cpu/br23/liba/fmna_auth.a
LOAD ../../../../cpu/br23/liba/MotionDetection.a
LOAD ../../../../cpu/br23/liba/lib_resample_cal.a
LOAD ../../../../cpu/br23/liba/lib_resample_fast_cal.a
LOAD ../../../../cpu/br23/liba/media.a
LOAD ../../../../cpu/br23/liba/media_app.a
LOAD ../../../../cpu/br23/liba/opus_enc_lib.a
LOAD ../../../../cpu/br23/liba/speex_enc_lib.a
LOAD ../../../../cpu/br23/liba/bfilterfun_lib.a
LOAD ../../../../cpu/br23/liba/wtg_dec_lib.a
LOAD ../../../../cpu/br23/liba/wav_dec_lib.a
LOAD ../../../../cpu/br23/liba/wtgv2_dec_lib.a
LOAD ../../../../cpu/br23/liba/mp3_dec_lib.a
LOAD ../../../../cpu/br23/liba/lib_pitch_speed.a
LOAD ../../../../apps/common/third_party_profile/tuya_protocol/sdk/lib/libtuya_lib.a
LOAD ../../../../cpu/br23/liba/lib_midi_dec.a
LOAD ../../../../cpu/br23/liba/update.a
END GROUP
                0x0002c000                RAM1_LIMIT_L = 0x2c000
                0x00030000                RAM1_LIMIT_H = 0x30000
                0x00000080                UPDATA_SIZE = 0x80
                0x0002ff80                UPDATA_BEG = (RAM1_LIMIT_H - UPDATA_SIZE)
                0x0002c000                RAM1_BEGIN = RAM1_LIMIT_L
                0x0002ff80                RAM1_END = (RAM1_LIMIT_H - UPDATA_SIZE)
                0x00003f80                RAM1_SIZE = (RAM1_END - RAM1_BEGIN)
                0x00000000                RAM_LIMIT_L = 0x0
                0x0002c000                RAM_LIMIT_H = 0x2c000
                0x00000100                ISR_SIZE = 0x100
                0x0002bf00                ISR_BASE = (RAM_LIMIT_H - ISR_SIZE)
                0x00000000                RAM_BEGIN = RAM_LIMIT_L
                0x0002bf00                RAM_END = (RAM_LIMIT_H - ISR_SIZE)
                0x0002bf00                RAM_SIZE = (RAM_END - RAM_BEGIN)
                0x00001400                BANK_SIZE = 0x1400
                0x00800000                PSRAM_BEG = 0x800000
                0x00200000                PSRAM_SIZE = 0x200000
                0x01e000c0                CODE_BEG = 0x1e000c0
                0x000f9000                UPDATA_BREDR_BASE_BEG = 0xf9000
                0x00000003                MIC_EFFECT_EQ_SECTION = 0x3
                0x0000000d                EQ_SECTION_NUM = (0xa + MIC_EFFECT_EQ_SECTION)
                0x001127a4                memmem = 0x1127a4
                0x001127a8                memcpy = 0x1127a8
                0x001127ac                memmove = 0x1127ac
                0x001127b0                memcmp = 0x1127b0
                0x001127b4                memset = 0x1127b4
                0x001127b8                strcmp = 0x1127b8
                0x001127bc                strcpy = 0x1127bc
                0x001127c0                strlen = 0x1127c0
                0x001127c4                strncmp = 0x1127c4
                0x001127c8                strstr = 0x1127c8
                0x001127cc                flush_dcache = 0x1127cc
                0x001127d0                flushinv_dcache = 0x1127d0
                0x001127d8                sfc_resume = 0x1127d8
                0x001127e0                chip_crc16 = 0x1127e0
                0x001127f0                nvram_set_boot_state = 0x1127f0
                0x0002bf00                _IRQ_MEM_ADDR = 0x2bf00
                0x0002bdc0                _MASK_MEM_BEGIN = 0x2bdc0
                0x0000012c                _MASK_MEM_SIZE = 0x12c
                0x00800000                . = ORIGIN (psram)

.psram_text     0x00800000        0x0

.psram
                0x01e00120                . = ORIGIN (code0)

.text           0x01e00120    0x1cb14
                0x01e00120                text_code_begin = .
                [!provide]                PROVIDE (text_rodata_begin, .)
 *(.startup.text)
 .startup.text  0x01e00120       0x9a ../../../../cpu/br23/liba/cpu.a(startup.S.o)
                0x01e00120                _start
                0x01e001ba                bank_stub_start = .
 *(.bank.stub.*)
                0x00000000                bank_stub_size = (. - bank_stub_start)
 *(.aac_const)
 *(.aac_code)
 *(.alac_const)
 *(.alac_code)
 *(.alac_dec_code)
 *(.bt_aac_dec_eng_const)
 *(.bt_aac_dec_eng_code)
 *(.bt_aac_dec_core_code)
 *(.bt_aac_dec_core_sparse_code)
 *(.dts_dec_const)
 *(.fat_data_code_ex)
 *(.LED_code)
 *(.LED_const)
                0x01e001bc                . = ALIGN (0x4)
 *fill*         0x01e001ba        0x2 
 *(.usr_timer_const)
 *(.usr_timer_code)
 .usr_timer_code
                0x01e001bc      0x370 ../../../../cpu/br23/tools/sdk.elf.o
 *(.timer_const)
 *(.timer_code)
 *(.cbuf_const)
 *(.cbuf_code)
 .cbuf_code     0x01e0052c      0x108 ../../../../cpu/br23/tools/sdk.elf.o
 *(.fm_data_code)
 *(.fm_data_const)
                0x01e00634                . = ALIGN (0x4)
 *(.cvsd_const)
 *(.cvsd_code)
                0x01e00634                . = ALIGN (0x4)
                0x01e00634                . = ALIGN (0x4)
 *(.rec_const)
                0x01e00634                . = ALIGN (0x4)
 *(.bark_const)
                0x01e00634                . = ALIGN (0x4)
 *(.rec_sparse_code)
                0x01e00634                . = ALIGN (0x4)
 *(.rec_code)
                0x01e00634                . = ALIGN (0x4)
                0x01e00634                _bt_mesh_scene_entry_sig_list_start = .
 *(.bt_mesh_scene_entry_sig)
                0x01e00634                _bt_mesh_scene_entry_sig_list_end = .
                0x01e00634                . = ALIGN (0x4)
                0x01e00634                _bt_mesh_scene_entry_vnd_list_start = .
 *(.bt_mesh_scene_entry_vnd)
                0x01e00634                _bt_mesh_scene_entry_vnd_list_end = .
 *(.opcore_table_maskrom)
 *(.bfilt_table_maskroom)
 *(.opcore_maskrom)
 *(.bfilt_code)
 *(.bfilt_const)
                0x01e00634                . = ALIGN (0x4)
                0x01e00634                btctler_code_start = .
                0x01e00634                BTCTLER_CONTROLLER_CODE_START = .
 *(.bt_rf_const)
 .bt_rf_const   0x01e00634      0x411 ../../../../cpu/br23/tools/sdk.elf.o
 *(.bt_rf_code)
 *fill*         0x01e00a45        0x1 
 .bt_rf_code    0x01e00a46     0x1796 ../../../../cpu/br23/tools/sdk.elf.o
 *(.vendor_manager_const)
 *(.vendor_manager_code)
 *(.device_manager_const)
 *(.device_manager_code)
 *(.hci_controller_const)
 .hci_controller_const
                0x01e021dc       0x28 ../../../../cpu/br23/tools/sdk.elf.o
 *(.hci_controller_code)
 .hci_controller_code
                0x01e02204      0x35a ../../../../cpu/br23/tools/sdk.elf.o
 *(.hci_interface_const)
 *(.hci_interface_code)
                0x00001f2a                BTCTLER_CONTROLLER_CODE_SIZE = ABSOLUTE ((. - BTCTLER_CONTROLLER_CODE_START))
                0x01e0255e                BTCTLER_LE_CONTROLLER_CODE_START = .
 *(.ble_rf_const)
 *fill*         0x01e0255e        0x2 
 .ble_rf_const  0x01e02560       0x24 ../../../../cpu/br23/tools/sdk.elf.o
 *(.ble_rf_code)
 .ble_rf_code   0x01e02584     0x23ea ../../../../cpu/br23/tools/sdk.elf.o
 *(.ble_ll_const)
 *fill*         0x01e0496e        0x2 
 .ble_ll_const  0x01e04970       0x60 ../../../../cpu/br23/tools/sdk.elf.o
 *(.ble_ll_code)
 .ble_ll_code   0x01e049d0     0x1b42 ../../../../cpu/br23/tools/sdk.elf.o
 *(.ble_hci_const)
 .ble_hci_const
                0x01e06512       0x19 ../../../../cpu/br23/tools/sdk.elf.o
 *(.ble_hci_code)
 *fill*         0x01e0652b        0x1 
 .ble_hci_code  0x01e0652c      0x4e2 ../../../../cpu/br23/tools/sdk.elf.o
                0x000044b0                BTCTLER_LE_CONTROLLER_CODE_SIZE = ABSOLUTE ((. - BTCTLER_LE_CONTROLLER_CODE_START))
                0x01e06a0e                BTCTLER_CL_CODE_START = .
 *(.bredr_irq)
 *(.bredr_irq_code)
 *(.bredr_irq_const)
 *(.classic_lmp_const)
 *(.classic_lmp_linkbulk_const)
 *(.classic_lmp_code)
 .classic_lmp_code
                0x01e06a0e       0xc4 ../../../../cpu/br23/tools/sdk.elf.o
 *(.classic_lmp_linkbulk_code)
 *(.classic_hci_const)
 *(.classic_hci_code)
                0x01e06ad2                LMP_ENC_CODE_START = .
 *(.classic_lmp_auth_const)
 *(.classic_lmp_bigint_const)
 *(.classic_lmp_crypt_const)
 *(.classic_lmp_ecdh_const)
 *(.classic_lmp_hmac_const)
 *(.classic_lmp_auth_code)
 *(.classic_lmp_bigint_code)
 *(.classic_lmp_crypt_code)
 *(.classic_lmp_ecdh_code)
 *(.classic_lmp_hmac_code)
                0x00000000                LMP_ENC_CODE_SIZE = ABSOLUTE ((. - LMP_ENC_CODE_START))
 *(.classic_rf_const)
 *(.classic_rf_code)
 .classic_rf_code
                0x01e06ad2      0x1d2 ../../../../cpu/br23/tools/sdk.elf.o
 *(.classic_bb_const)
 *(.classic_bb_code)
                0x00000296                BTCTLER_CL_CODE_SIZE = ABSOLUTE ((. - BTCTLER_CL_CODE_START))
                0x01e06ca4                . = ALIGN (0x4)
 *(.classic_tws_const)
 *(.classic_tws_code)
 .classic_tws_code
                0x01e06ca4        0x2 ../../../../cpu/br23/tools/sdk.elf.o
 *(.classic_tws_code.esco)
 *(.tws_media_sync_code)
 *(.tws_media_sync_const)
 *(.tws_data_forward_code)
 *(.tws_data_forward_const)
                0x01e06ca8                . = ALIGN (0x4)
 *fill*         0x01e06ca6        0x2 
                0x01e06ca8                tws_func_stub_begin = .
 *(.tws_func_stub)
 .tws_func_stub
                0x01e06ca8        0x8 ../../../../cpu/br23/tools/sdk.elf.o
                0x01e06cb0                tws_func_stub_end = .
 *(.lmp_irq_code)
 *(.link_bulk_code)
 *(.frame_irq_code)
                0x01e06cb0                . = ALIGN (0x4)
 *(.link_task_const)
 *(.link_task_code)
                0x01e06cb0                . = ALIGN (0x4)
 *(.classic_irq_const)
 *(.classic_irq_code)
                0x01e06cb0                . = ALIGN (0x4)
 *(.tws_irq_code)
                0x01e06cb0                . = ALIGN (0x4)
                0x01e06cb0                tws_sync_call_begin = .
 *(.tws_sync_call)
 .tws_sync_call
                0x01e06cb0        0xc ../../../../cpu/br23/tools/sdk.elf.o
                0x01e06cbc                tws_sync_call_end = .
                0x01e06cbc                . = ALIGN (0x4)
                0x01e06cbc                tws_sync_channel_begin = .
 *(.tws_sync_channel.0)
 *(.tws_sync_channel.1)
 *(.tws_sync_channel.2)
 *(.tws_sync_channel.3)
 *(.tws_sync_channel.4)
 *(.tws_sync_channel.5)
 *(.tws_sync_channel.6)
 *(.tws_sync_channel.7)
 *(.tws_sync_channel.8)
 *(.tws_sync_channel.9)
 *(.tws_sync_channel.10)
 *(.tws_sync_channel.11)
 *(.tws_sync_channel.12)
 *(.tws_sync_channel.13)
                0x01e06cbc                tws_sync_channel_end = .
                0x01e06cbc                btctler_code_end = .
                0x01e06cbc                . = ALIGN (0x4)
                0x01e06cbc                . = ALIGN (0x4)
                0x01e06cbc                btstack_code_start = .
                0x01e06cbc                . = ALIGN (0x4)
                0x01e06cbc                a2dp_source_media_codec_begin = .
 *(.a2dp_source_media_codec)
                0x01e06cbc                a2dp_source_media_codec_end = .
                0x01e06cbc                a2dp_sink_media_probe_begin = .
 *(.a2dp_sink_media_probe)
                0x01e06cbc                a2dp_sink_media_probe_end = .
                0x01e06cbc                a2dp_sink_media_codec_begin = .
 *(.a2dp_sink_media_codec)
                0x01e06cbc                a2dp_sink_media_codec_end = .
                0x01e06cbc                a2dp_event_handler_begin = .
 *(.a2dp_event_handler)
 .a2dp_event_handler
                0x01e06cbc       0x1c ../../../../cpu/br23/tools/sdk.elf.o
                0x01e06cbc                a2dp_sink_event_handler
                0x01e06cd8                a2dp_event_handler_end = .
                0x01e06cd8                sdp_record_item_begin = .
 *(.sdp_record_item)
                0x01e06cd8                sdp_record_item_end = .
                0x01e06cd8                bt_sleep_begin = .
 *(.bt_sleep)
 .bt_sleep      0x01e06cd8       0x60 ../../../../cpu/br23/tools/sdk.elf.o
                0x01e06cd8                bt_suspend_user_cmd_loop_resumeuser_cmd_loop_release
                0x01e06ce4                bt_suspend_a2dp_resumea2dp_release
                0x01e06cf0                bt_suspend_avctp_resumeavctp_release
                0x01e06cfc                bt_suspend_hfp_resumehfp_release
                0x01e06d08                bt_suspend_hid_resumehid_release
                0x01e06d14                bt_suspend_spp_resumespp_release
                0x01e06d20                bt_suspend_iap_resumeiap_release
                0x01e06d2c                bt_suspend_sdp_resumesdp_release
                0x01e06d38                bt_sleep_end = .
 *(.bt_stack_const)
 .bt_stack_const
                0x01e06d38       0x78 ../../../../cpu/br23/tools/sdk.elf.o
 *(.bt_stack_code)
 .bt_stack_code
                0x01e06db0     0x22d6 ../../../../cpu/br23/tools/sdk.elf.o
 *(.ble_db_const)
 *(.ble_db_code)
 *(.ble_sm_const)
 *(.ble_sm_code)
 .ble_sm_code   0x01e09086       0x3e ../../../../cpu/br23/tools/sdk.elf.o
 *(.ble_att_const)
 .ble_att_const
                0x01e090c4       0x17 ../../../../cpu/br23/tools/sdk.elf.o
 *(.ble_att_code)
 *fill*         0x01e090db        0x1 
 .ble_att_code  0x01e090dc      0x74e ../../../../cpu/br23/tools/sdk.elf.o
 *(.ble_gatt_const)
 *(.ble_gatt_code)
                0x01e0982a                BTSTACK_LE_HOST_MESH_CODE_START = .
 *(.ble_mesh_code)
 *(.ble_mesh_tinycrypt_code)
 *(.ble_mesh_const)
 *(.ble_mesh_tinycrypt_const)
                0x00000000                BTSTACK_LE_HOST_MESH_CODE_SIZE = ABSOLUTE ((. - BTSTACK_LE_HOST_MESH_CODE_START))
                0x01e0982a                _fmna_const_begin = .
 *(.fmna_stack_const)
 *(.fmna_plaform_const)
 *(.fmna_crypto_const)
                0x01e0982a                _fmna_const_end = .
                0x01e0982c                . = ALIGN (0x4)
 *fill*         0x01e0982a        0x2 
                0x01e0982c                _fmna_code_begin = .
 *(.fmna_stack_code)
 *(.fmna_plaform_code)
 *(.fmna_crypto_code)
                0x01e0982c                _fmna_code_end = .
                0x00000000                btstack_fmna_const_size = (_fmna_const_end - _fmna_const_begin)
                0x00000000                btstack_fmna_code_size = (_fmna_code_end - _fmna_code_begin)
                0x01e0982c                . = ALIGN (0x4)
                0x01e0982c                btstack_code_end = .
                0x01e0982c                . = ALIGN (0x4)
                0x00002b70                BTSTACK_CODE_TOTAL_SIZE = (btstack_code_end - btstack_code_start)
                0x01e0982c                . = ALIGN (0x4)
                0x01e0982c                . = ALIGN (0x4)
                0x01e0982c                system_text_start = .
                0x01e0982c                _device_node_begin = .
                0x01e0982c                PROVIDE (device_node_begin, .)
 *(.device)
                0x01e0982c                _device_node_end = .
                0x01e0982c                PROVIDE (device_node_end, .)
                0x01e0982c                config_target_begin = .
                [!provide]                PROVIDE (config_target_begin, .)
 *(.config_target)
                0x01e0982c                config_target_end = .
                [!provide]                PROVIDE (config_target_end, .)
                0x01e0982c                system_code_begin = .
 *(.system.*.text)
 .system.lbuf.text
                0x01e0982c      0x314 ../../../../cpu/br23/tools/sdk.elf.o
 .system.printf.text
                0x01e09b40      0x922 ../../../../cpu/br23/tools/sdk.elf.o
 .system.cpu.text
                0x01e0a462       0xe6 ../../../../cpu/br23/tools/sdk.elf.o
 .system.cbuf.text
                0x01e0a548        0xe ../../../../cpu/br23/tools/sdk.elf.o
 .system.event.text
                0x01e0a556      0x39a ../../../../cpu/br23/tools/sdk.elf.o
 .system.task.text
                0x01e0a8f0       0x48 ../../../../cpu/br23/tools/sdk.elf.o
 .system.fs.text
                0x01e0a938      0xc28 ../../../../cpu/br23/tools/sdk.elf.o
 .system.timer.text
                0x01e0b560      0x38e ../../../../cpu/br23/tools/sdk.elf.o
 .system.cfg_tool.text
                0x01e0b8ee      0x6f4 ../../../../cpu/br23/tools/sdk.elf.o
 .system.app_core.text
                0x01e0bfe2      0x1d2 ../../../../cpu/br23/tools/sdk.elf.o
 .system.device.text
                0x01e0c1b4       0xb4 ../../../../cpu/br23/tools/sdk.elf.o
 .system.ascii.text
                0x01e0c268       0x3a ../../../../cpu/br23/tools/sdk.elf.o
 .system.init.text
                0x01e0c2a2     0x1158 ../../../../cpu/br23/tools/sdk.elf.o
                0x01e0c2a2                boot_info_init
                0x01e0c2cc                main
                0x01e0d3fa                system_code_end = .
                0x01e0d3fc                . = ALIGN (0x4)
 *fill*         0x01e0d3fa        0x2 
                0x00003bce                system_code_size = (system_code_end - system_code_begin)
                0x01e0d3fc                vfs_ops_begin = .
 *(.vfs_operations)
 .vfs_operations
                0x01e0d3fc       0x74 ../../../../cpu/br23/tools/sdk.elf.o
                0x01e0d3fc                sdfile_vfs_ops
                0x01e0d470                vfs_ops_end = .
                0x01e0d470                _lib_version_begin = .
                [!provide]                PROVIDE (lib_version_begin, .)
 *(.lib_version)
 .lib_version   0x01e0d470        0x4 ../../../../cpu/br23/tools/sdk.elf.o
                0x01e0d470                __version_sdfile
                0x01e0d474                _lib_version_end = .
                [!provide]                PROVIDE (lib_version_end, .)
                0x01e0d474                _initcall_begin = .
                0x01e0d474                PROVIDE (initcall_begin, .)
 *(.initcall)
 .initcall      0x01e0d474        0xc ../../../../cpu/br23/tools/sdk.elf.o
                0x01e0d474                __initcall_trim_timer_add
                0x01e0d478                __initcall_app_update_init
                0x01e0d47c                __initcall_eq_init
                0x01e0d480                _initcall_end = .
                0x01e0d480                PROVIDE (initcall_end, .)
                0x01e0d480                _early_initcall_begin = .
                0x01e0d480                PROVIDE (early_initcall_begin, .)
 *(.early.initcall)
 .early.initcall
                0x01e0d480        0x8 ../../../../cpu/br23/tools/sdk.elf.o
                0x01e0d480                __initcall_sys_event_init
                0x01e0d484                __initcall_sdfile_init
                0x01e0d488                _early_initcall_end = .
                0x01e0d488                PROVIDE (early_initcall_end, .)
                0x01e0d488                _late_initcall_begin = .
                0x01e0d488                PROVIDE (late_initcall_begin, .)
 *(.late.initcall)
 .late.initcall
                0x01e0d488        0x8 ../../../../cpu/br23/tools/sdk.elf.o
                0x01e0d488                __initcall_check_otp_data
                0x01e0d48c                __initcall_sdk_meky_check
                0x01e0d490                _late_initcall_end = .
                0x01e0d490                PROVIDE (late_initcall_end, .)
                0x01e0d490                _platform_initcall_begin = .
                0x01e0d490                PROVIDE (platform_initcall_begin, .)
 *(.platform.initcall)
 .platform.initcall
                0x01e0d490        0x4 ../../../../cpu/br23/tools/sdk.elf.o
                0x01e0d490                __initcall_syscfg_tools_init
                0x01e0d494                _platform_initcall_end = .
                0x01e0d494                PROVIDE (platform_initcall_end, .)
                0x01e0d494                _module_initcall_begin = .
                0x01e0d494                PROVIDE (module_initcall_begin, .)
 *(.module.initcall)
                0x01e0d494                _module_initcall_end = .
                0x01e0d494                PROVIDE (module_initcall_end, .)
                0x01e0d494                _sys_event_handler_begin = .
                0x01e0d494                PROVIDE (sys_event_handler_begin, .)
 *(.sys_event.4.handler)
 .sys_event.4.handler
                0x01e0d494        0x8 ../../../../cpu/br23/tools/sdk.elf.o
                0x01e0d494                __event_handler_tws_key_event_handler
 *(.sys_event.3.handler)
 *(.sys_event.2.handler)
 *(.sys_event.1.handler)
 *(.sys_event.0.handler)
                0x01e0d49c                _sys_event_handler_end = .
                0x01e0d49c                PROVIDE (sys_event_handler_end, .)
                0x01e0d49c                _syscfg_arg_begin = .
                [!provide]                PROVIDE (syscfg_arg_begin, .)
 *(.syscfg.arg)
                0x01e0d49c                _syscfg_arg_end = .
                [!provide]                PROVIDE (syscfg_arg_end, .)
                0x01e0d49c                _syscfg_handler_begin = .
                [!provide]                PROVIDE (syscfg_handler_begin, .)
 *(.syscfg.handler)
                0x01e0d49c                _syscfg_handler_end = .
                [!provide]                PROVIDE (syscfg_handler_end, .)
                0x01e0d49c                _syscfg_ops_begin = .
                0x01e0d49c                PROVIDE (syscfg_ops_begin, .)
 *(.syscfg.2.ops)
 .syscfg.2.ops  0x01e0d49c       0x1c ../../../../cpu/br23/tools/sdk.elf.o
                0x01e0d49c                cfg_btif
 *(.syscfg.1.ops)
 .syscfg.1.ops  0x01e0d4b8       0x1c ../../../../cpu/br23/tools/sdk.elf.o
                0x01e0d4b8                cfg_vm
 *(.syscfg.0.ops)
 .syscfg.0.ops  0x01e0d4d4       0x1c ../../../../cpu/br23/tools/sdk.elf.o
                0x01e0d4d4                cfg_bin
                0x01e0d4f0                _syscfg_ops_end = .
                0x01e0d4f0                PROVIDE (syscfg_ops_end, .)
                0x01e0d4f0                _server_info_begin = .
                [!provide]                PROVIDE (server_info_begin, .)
 *(.server_info)
                0x01e0d4f0                _server_info_end = .
                [!provide]                PROVIDE (server_info_end, .)
                0x01e0d4f0                _bus_device_begin = .
                [!provide]                PROVIDE (bus_device_begin, .)
 *(.bus_device)
                0x01e0d4f0                _bus_device_end = .
                [!provide]                PROVIDE (bus_device_end, .)
                0x01e0d4f0                _sys_power_hal_ops_begin = .
                [!provide]                PROVIDE (sys_power_hal_ops_begin, .)
 *(.sys_power_hal_ops)
                0x01e0d4f0                _sys_power_hal_ops_end = .
                [!provide]                PROVIDE (sys_power_hal_ops_end, .)
                0x01e0d4f0                . = ALIGN (0x4)
                0x01e0d4f0                lp_target_begin = .
                [!provide]                PROVIDE (lp_target_begin, .)
 *(.lp_target)
 .lp_target     0x01e0d4f0       0x70 ../../../../cpu/br23/tools/sdk.elf.o
                0x01e0d4f0                bt_test_lp_target
                0x01e0d4f8                key_lp_target
                0x01e0d500                plll_trim_lp_target
                0x01e0d508                ota_lp_target
                0x01e0d510                spple_state_lp_target
                0x01e0d518                audio_mc_device_lp_target
                0x01e0d520                audio_dec_init_lp_target
                0x01e0d528                tone_dec_lp_target
                0x01e0d530                audio_adc_demo
                0x01e0d538                __wakeup_is_idle_target
                0x01e0d540                usb_dev_lp_target
                0x01e0d548                usr_systimer_lp_target
                0x01e0d550                btstack_lowpower_target
                0x01e0d558                ble_slave_multlp_target
                0x01e0d560                lp_target_end = .
                [!provide]                PROVIDE (lp_target_end, .)
                0x01e0d560                . = ALIGN (0x4)
                0x01e0d560                deepsleep_target_begin = .
                [!provide]                PROVIDE (deepsleep_target_begin, .)
 *(.deepsleep_target)
                0x01e0d560                deepsleep_target_end = .
                [!provide]                PROVIDE (deepsleep_target_end, .)
                0x01e0d560                crypto_begin = .
 *(.crypto_ecdh_code)
 *(.crypto_ecdh_const)
 *(.crypto_bigint_code)
 *(.crypto_bigint_const)
 *(.crypto_code)
 *(.crypto_const)
 *(.ECDH_sample_code)
 *(.ECDH_sample_const)
 *(.uECC_code)
 *(.uECC_const)
 *(.hmac_code)
 *(.hmac_const)
 *(.hash_sample_code)
 *(.hash_sample_const)
 *(.aes_cmac_sample_code)
 *(.aes_cmac_sample_const)
                0x01e0d560                crypto_end = .
                0x00000000                crypto_size = (. - crypto_begin)
 *(.mem_code)
 .mem_code      0x01e0d560      0x500 ../../../../cpu/br23/tools/sdk.elf.o
 *(.mem_const)
 *(.os_port_code)
 .os_port_code  0x01e0da60      0xa82 ../../../../cpu/br23/tools/sdk.elf.o
 *(.os_port_const)
 *fill*         0x01e0e4e2        0x2 
 .os_port_const
                0x01e0e4e4       0x24 ../../../../cpu/br23/tools/sdk.elf.o
 *(.math_fast_funtion_code)
                0x01e0e508                __movable_function_start = .
 *(movable.text.*)
 *(movable.stub.*)
 *(movable.region.*)
                0x01e0e508                __movable_function_end = .
                0x00000000                __movable_function_size = (__movable_function_end - __movable_function_start)
                0x01e0e508                system_text_end = .
                0x00004cdc                system_code_total_size = (system_text_end - system_text_start)
                0x01e0e508                . = ALIGN (0x4)
                0x01e0e508                lcd_interface_begin = .
 *(.lcd_if_info)
                0x01e0e508                lcd_interface_end = .
                0x01e0e508                ui_style_begin = .
 *(.ui_style)
                0x01e0e508                ui_style_end = .
                0x01e0e508                elm_event_handler_begin_JL = .
 *(.elm_event_handler_JL)
                0x01e0e508                elm_event_handler_end_JL = .
                0x01e0e508                elm_event_handler_begin_UPGRADE = .
 *(.elm_event_handler_UPGRADE)
                0x01e0e508                elm_event_handler_end_UPGRADE = .
                0x01e0e508                elm_event_handler_begin_DIAL = .
 *(.elm_event_handler_DIAL)
                0x01e0e508                elm_event_handler_end_DIAL = .
                0x01e0e508                control_event_handler_begin = .
 *(.control_event_handler)
                0x01e0e508                control_event_handler_end = .
                0x01e0e508                control_ops_begin = .
 *(.control_ops)
                0x01e0e508                control_ops_end = .
                0x01e0e508                battery_notify_begin = .
 *(.battery_notify)
                0x01e0e508                battery_notify_end = .
                0x01e0e508                . = ALIGN (0x4)
                0x01e0e508                media_text_start = .
                0x01e0e508                . = ALIGN (0x4)
 *(.dns_16k_data)
 *(.dns_8k_data)
 *(.jlsp_const)
 *(.jlsp_code)
 *(.aec_code)
 *(.aec_const)
 *(.der_code)
 *(.der_const)
 *(.nlp_code)
 *(.nlp_const)
 *(.qmf_code)
 *(.qmf_const)
 *(.bt_audioplc_sparse_code)
 *(.bt_audioplc_code)
 *(.bt_audioplc_const)
                0x01e0e508                . = ALIGN (0x4)
 *(.res_code)
 *(.res_const)
                0x01e0e508                . = ALIGN (0x4)
 *(.ns_code)
 *(.ns_const)
 *(.opcore_maskrom)
                0x01e0e508                . = ALIGN (0x4)
 *(.pcm_code)
 *(.pcm_const)
 *(.g729_code)
 *(.g729_const)
 *(.g726_code)
 *(.g726_const)
 *(.wtg_dec_code)
 *(.wtg_dec_const)
 *(.wtg_dec_sparse_code)
 *(.wtg_dec_sparse_const)
 *(.wtgv2_code)
 *(.wtgv2_const)
 *(.wtgv2dec_code)
 *(.wtgv2dec_const)
 *(.wtgv2dec_str)
 *(.wtg_decv2_sparse_code)
 *(.bfilt_code)
                0x01e0e508                . = ALIGN (0x4)
 *(.mp3_decstream_const)
 *(.mp3_decstream_code)
 *(.mp3_decstream_sparse_code)
 *(.mp3_decstream_sparse_const)
 *(.mp3_dec_sparse_code)
 *(.mp3_dec_sparse_const)
 *(.mp3_dec_code)
 *(.mp3_dec_const)
 *(.mp3_const)
 *(.mp3_code)
 *(.msbc_code)
 *(.msbc_const)
 *(.mty_code)
 *(.mty_const)
 *(.mp3tsy_dec_code)
 *(.mp3tsy_dec_const)
 *(.mp3tsy_dec_sparse_code)
 *(.mp3tsy_dec_sparse_const)
 *(.sbc_code)
 *(.sbc_const)
 *(.sine_code)
 *(.sine_const)
 *(.speex_dec_code)
 *(.speex_dec_const)
 *(.speex_const)
 *(.speex_code)
 *(.opus_code)
 *(.opus_const)
 *(.wma_code)
 *(.wma_const)
 *(.wma_dec_code)
 *(.wma_dec_const)
 *(.wma_dec_sparse_code)
 *(.wma_dec_sparse_const)
 *(.wma_decstream_const)
 *(.wma_decstream_code)
 *(.wma_decstream_sparse_code)
 *(.wma_decstream_sparse_const)
 *(.amr_code)
 *(.amr_const)
 *(.midi_code)
 *(.midi_const)
 *(.lfwordnan_const)
 *(.lfwordana_const)
 *(.lfwordana_code)
 *(.lfwordana_sparse_code)
 *(.speex_code)
 *(.speex_const)
 *(.speex_dec_code)
 *(.speex_dec_const)
 *(.audio_decoder_code)
 *(.audio_decoder_const)
 *(.mp3_encode_code)
 *(.mp3_encode_const)
 *(.media_device_code)
 *(.media_device_const)
 *(.audio_encoder_code)
 *(.audio_encoder_const)
 *(.mixer_code)
 *(.mixer_const)
 *(.stream_code)
 *(.stream_const)
 *(.dec_server_code)
 *(.dec_server_const)
 *(.rec_server_code)
 *(.rec_server_const)
 *(.auto_mute_code)
 *(.auto_mute_const)
 *(.plc_code)
 *(.plc_const)
 *(.wireless_sync_code)
 *(.wireless_sync_const)
 *(.fft_code)
 *(.fft_const)
 *(.mp3_enc_code)
 *(.mp3_enc_const)
 *(.mp3_enc_sparse_code)
 *(.mp3_enc_sparse_const)
                0x01e0e508                . = ALIGN (0x4)
 *(.mp2_encode_code)
 *(.mp2_encode_const)
 *(.mp2_encode_sparse_code)
 *(.mp2_encode_sparse_const)
                0x01e0e508                . = ALIGN (0x4)
 *(.adpcm_encode_code)
 *(.adpcm_encode_const)
 *(.adpcm_encode_sparse_code)
 *(.adpcm_encode_sparse_const)
                0x01e0e508                . = ALIGN (0x4)
 *(.lc3_decoder_code)
 *(.lc3_decoder_const)
                0x01e0e508                . = ALIGN (0x4)
 *(.m4a_dec_sparse_code)
 *(.m4a_dec_sparse_const)
 *(.aac_dec_sparse_code)
 *(.aac_dec_sparse_const)
 *(.bt_aac_dec_core_const)
 *(.amr_dec_const)
 *(.dts_dec_ff_const)
 *(.dts_dec_sparse_code)
 *(.dts_dec_sparse_const)
 *(.res_sparse_code)
 *(.ns_sparse_code)
 *(.aec_sparse_code)
 *(.nlp_sparse_code)
 *(.der_sparse_code)
 *(.qmf_sparse_code)
 *(.sms_const)
 *(.sms_sparse_code)
 *(.sms_code)
 *(.resample_cal_code)
 *(.resample_cal_sparse_code)
 *(.resample_cal_const)
 *(.bt_compressor_sparse_const)
 *(.bt_compressor_sparse_code)
 *(.compressor_sparse_code)
 *(.compressor_sparse_const)
 *(.bt_limiter_sparse_const)
 *(.bt_limiter_sparse_code)
 *(.limiter_sparse_code)
 *(.limiter_sparse_const)
 *(.bt_crossOver_sparse_const)
 *(.bt_crossOver_sparse_code)
 *(.crossOver_sparse_code)
 *(.crossOver_sparse_const)
 *(.iap_code)
 *(.iap_const)
 *(.audio_bfilt_code)
 *(.audio_bfilt_const)
 *(.audio_buf_sync_code)
 *(.audio_buf_sync_const)
 *(.audio_dec_app_code)
 *(.audio_dec_app_const)
 *(.audio_dec_app_sync_code)
 .audio_dec_app_sync_code
                0x01e0e508        0x2 ../../../../cpu/br23/tools/sdk.elf.o
 *(.audio_dec_app_sync_const)
 *(.audio_dec_app_event_callback)
 *(.audio_dec_app_dec_run)
 *(.audio_dec_app_normal_run)
 *(.audio_dec_tone_event_callback)
 *(.audio_dig_vol_code)
 *(.audio_dig_vol_const)
 *(.audio_echo_reverb_code)
 *(.audio_echo_reverb_const)
 *(.audio_echo_src_code)
 *(.audio_echo_src_const)
 *(.audio_energy_detect_code)
 *(.audio_energy_detect_const)
 *(.audio_eq_code)
 .audio_eq_code
                0x01e0e50a      0x17c ../../../../cpu/br23/tools/sdk.elf.o
 *(.audio_eq_const)
 *(.audio_drc_code)
 *(.audio_drc_const)
 *(.audio_eq_drc_apply_code)
 *(.audio_eq_drc_apply_const)
 *(.audio_equalloudness_code)
 *(.audio_equalloudness_const)
 *(.audio_howling_code)
 *(.audio_howling_const)
 *(.audio_noisegate_code)
 *(.audio_noisegate_const)
 *(.audio_output_dac_code)
 *(.audio_output_dac_const)
 *(.audio_pemafrow_code)
 *(.audio_pemafrow_const)
 *(.audio_pitch_code)
 *(.audio_pitch_const)
 *(.audio_pitchspeed_code)
 *(.audio_pitchspeed_const)
 *(.audio_surround_code)
 *(.audio_surround_const)
 *(.audio_vbass_code)
 *(.audio_vbass_const)
 *(.audio_vocal_remove_code)
 *(.audio_vocal_remove_const)
 *(.audio_vocal_tract_synthesis_code)
 *(.audio_vocal_tract_synthesis_const)
 *(.eq_config_code)
 *(.eq_config_const)
 *(.eq_config_protocol_code)
 *(.eq_config_protocol_const)
 *(.spectrum_eq_code)
 *(.spectrum_eq_const)
 *(.spectrum_fft_code)
 *(.spectrum_fft_const)
 *(.audio_localtws_code)
 *(.audio_localtws_const)
 *(.audio_dec_localtws_code)
 *(.audio_dec_localtws_const)
 *(.audio_dec_a2dp_code)
 *(.audio_dec_a2dp_const)
 *(.audio_dec_esco_code)
 *(.audio_dec_esco_const)
 *(.audio_dec_file_code)
 *(.audio_dec_file_const)
 *(.audio_dec_pcm_code)
 *(.audio_dec_pcm_const)
 *(.audio_resample_code)
 *(.audio_resample_const)
 *(.audio_splicing_code)
 *(.audio_splicing_const)
 *(.channel_switch_code)
 *(.channel_switch_const)
 *(.sw_drc_code)
 *(.sw_drc_const)
 *(.aptx_decoder_code)
 *(.aptx_decoder_const)
 *(.ldac_decoder_code)
 *(.ldac_decoder_const)
 *(.speex_encoder_code)
 *(.speex_encoder_const)
 *(.sbc_encoder_code)
 *(.sbc_encoder_const)
 *(.opus_encoder_code)
 *(.opus_encoder_const)
 *(.amr_encoder_code)
 *(.amr_encoder_const)
 *(.prevent_task_fill_code)
 *(.prevent_task_fill_const)
 *(.audio_cfifo_code)
 *(.audio_cfifo_const)
 *(.audio_track_code)
 *(.audio_track_const)
 *(.audio_adc_code)
 *(.audio_adc_const)
 *(.audio_dac_code)
 *(.audio_dac_const)
 *(.audio_linein_code)
 *(.audio_linein_const)
 *(.audio_link_code)
 *(.audio_link_const)
 *(.audio_sample_sync_code)
 *(.audio_sample_sync_const)
 *(.audio_wireless_sync_code)
 *(.audio_wireless_sync_const)
 *(.audio_spdif_code)
 *(.audio_spdif_const)
 *(.audio_src_code)
 *(.audio_src_const)
 *(.audio_src_base_code)
 *(.audio_src_base_const)
 *(.effectrs_sync_code)
 *(.effectrs_sync_const)
 *(.eq_design_code)
 *(.eq_design_const)
 *(.hw_eq_code)
 .hw_eq_code    0x01e0e686       0x94 ../../../../cpu/br23/tools/sdk.elf.o
 *(.hw_eq_const)
 *fill*         0x01e0e71a        0x2 
 .hw_eq_const   0x01e0e71c       0x14 ../../../../cpu/br23/tools/sdk.elf.o
 *(.iic_code)
 *(.iic_const)
 *(.mic_cap_code)
 .mic_cap_code  0x01e0e730       0x68 ../../../../cpu/br23/tools/sdk.elf.o
 *(.mic_cap_const)
 *(.sbc_hwaccel_code)
 .sbc_hwaccel_code
                0x01e0e798      0x444 ../../../../cpu/br23/tools/sdk.elf.o
 *(.sbc_hwaccel_const)
                0x01e0ebdc                . = ALIGN (0x4)
                0x01e0ebdc                _audio_decoder_begin = .
                0x01e0ebdc                PROVIDE (audio_decoder_begin, .)
 *(.audio_decoder)
                0x01e0ebdc                _audio_decoder_end = .
                0x01e0ebdc                PROVIDE (audio_decoder_end, .)
                0x01e0ebdc                _audio_encoder_begin = .
                0x01e0ebdc                PROVIDE (audio_encoder_begin, .)
 *(.audio_encoder)
                0x01e0ebdc                _audio_encoder_end = .
                0x01e0ebdc                PROVIDE (audio_encoder_end, .)
                0x01e0ebdc                _audio_package_begin = .
                [!provide]                PROVIDE (audio_package_begin, .)
 *(.audio_package)
                0x01e0ebdc                _audio_package_end = .
                [!provide]                PROVIDE (audio_package_end, .)
                0x01e0ebdc                _audio_dev_begin = .
                [!provide]                PROVIDE (audio_dev_begin, .)
 *(.audio_device)
                0x01e0ebdc                _audio_dev_end = .
                [!provide]                PROVIDE (audio_dev_end, .)
                0x01e0ebdc                _audio_hwaccel_begin = .
                [!provide]                PROVIDE (audio_hwaccel_begin, .)
 *(.audio_hwaccel)
 .audio_hwaccel
                0x01e0ebdc       0x24 ../../../../cpu/br23/tools/sdk.elf.o
                0x01e0ebdc                sbc_hwaccel
                0x01e0ec00                _audio_hwaccel_end = .
                [!provide]                PROVIDE (audio_hwaccel_end, .)
                0x01e0ec00                . = ALIGN (0x4)
                0x01e0ec00                media_code_begin = .
 *(.media.*.text)
 .media.effects.text
                0x01e0ec00       0x1e ../../../../cpu/br23/tools/sdk.elf.o
 .media.media_cpu.text
                0x01e0ec1e        0xa ../../../../cpu/br23/tools/sdk.elf.o
                0x01e0ec28                . = ALIGN (0x4)
 *(.crossOver_code)
 *(.crossOver_const)
 *(.bt_crossOver_const)
 *(.bt_crossOver_code)
                0x01e0ec28                . = ALIGN (0x4)
 *(.compressor_code)
 *(.compressor_const)
 *(.bt_compressor_const)
 *(.bt_compressor_code)
                0x01e0ec28                . = ALIGN (0x4)
 *(.limiter_code)
 *(.limiter_const)
 *(.bt_limiter_const)
 *(.bt_limiter_code)
 *(.drc_const)
 *(.drc_code)
 *(.drc_sparse_code)
 *(.drc_sparse_const)
                0x01e0ec28                . = ALIGN (0x4)
 *(.lib_pitchshift_code)
 *(.lib_pitchshift_const)
                0x01e0ec28                . = ALIGN (0x4)
 *(.sur_cal_const)
 *(.sur_cal_code)
                0x01e0ec28                . = ALIGN (0x4)
 *(.reverb_cal_sparse_code)
                0x01e0ec28                . = ALIGN (0x4)
 *(.dvol_ram_code)
                0x01e0ec28                . = ALIGN (0x4)
 *(.reverb_cal_const)
                0x01e0ec28                . = ALIGN (0x4)
 *(.reverb_cal_code)
                0x01e0ec28                . = ALIGN (0x4)
 *(.stream_code_nor_run)
 *(.mixer_code_nor_run)
 *(.stream_code_copy_run)
 *(.mixer_code_out_run)
 *(.audio_codec_code)
 *(.audio_codec_code_read_file)
 *(.audio_src_code_nor_run)
 *(.src_base_code_nor_run)
 *(.audio_dac_code_nor_run)
 *(.audio_cfifo_code_nor_run)
 *(.audio_codec_code_frame_file)
 *(.buf_sync_code_nor_run)
 *(.resample_fastcal_const)
 *(.resample_fastcal_code)
 *(.resample_fastcal_sparse_code)
                0x01e0ec28                . = ALIGN (0x4)
                0x01e0ec28                media_code_end = .
                0x01e0ec28                . = ALIGN (0x4)
                0x00000028                media_code_size = (media_code_end - media_code_begin)
                0x01e0ec28                . = ALIGN (0x4)
                0x01e0ec28                media_text_end = .
                0x00000720                media_code_total_size = (media_text_end - media_text_start)
                0x01e0ec28                . = ALIGN (0x4)
                0x01e0ec28                __VERSION_BEGIN = .
 *(.sys.version)
 .sys.version   0x01e0ec28       0x22 ../../../../cpu/br23/liba/btctrler.a(version.z.o)
                0x01e0ec28                lib_btctler_version
 .sys.version   0x01e0ec4a       0x1e ../../../../cpu/br23/liba/update.a(version.z.o)
                0x01e0ec4a                lib_update_version
                0x01e0ec68                __VERSION_END = .
 *(.noop_version)
                0x01e0ec68                . = ALIGN (0x4)
                0x01e0ec68                update_target_begin = .
                [!provide]                PROVIDE (update_target_begin, .)
 *(.update_target)
 .update_target
                0x01e0ec68       0x28 ../../../../cpu/br23/tools/sdk.elf.o
                0x01e0ec68                audio_update_target
                0x01e0ec70                iic_update_target
                0x01e0ec78                spi_update_target
                0x01e0ec80                bredr_update_target
                0x01e0ec88                ble_update_target
                0x01e0ec90                update_target_end = .
                [!provide]                PROVIDE (update_target_end, .)
                0x01e0ec90                . = ALIGN (0x4)
                0x01e0ec90                text_code_end = .
                0x01e0ec90                . = ALIGN (0x4)
                0x01e0ec90                gsensor_dev_begin = .
 *(.gsensor_dev)
                0x01e0ec90                gsensor_dev_end = .
                0x01e0ec90                . = ALIGN (0x4)
                0x01e0ec90                codec_dev_begin = .
 *(.codec_dev)
                0x01e0ec90                codec_dev_end = .
                0x01e0ec90                . = ALIGN (0x4)
                0x01e0ec90                hrsensor_dev_begin = .
 *(.hrsensor_dev)
                0x01e0ec90                hrsensor_dev_end = .
                0x01e0ec90                . = ALIGN (0x4)
                0x01e0ec90                fm_dev_begin = .
 *(.fm_dev)
                0x01e0ec90                fm_dev_end = .
                0x01e0ec90                . = ALIGN (0x4)
                0x01e0ec90                fm_emitter_dev_begin = .
 *(.fm_emitter_dev)
                0x01e0ec90                fm_emitter_dev_end = .
                0x01e0ec90                . = ALIGN (0x4)
                0x01e0ec90                adapter_idev_begin = .
 *(.adapter_idev)
                0x01e0ec90                adapter_idev_end = .
                0x01e0ec90                . = ALIGN (0x4)
                0x01e0ec90                adapter_odev_begin = .
 *(.adapter_odev)
                0x01e0ec90                adapter_odev_end = .
                0x01e0ec90                . = ALIGN (0x4)
                0x01e0ec90                adapter_enc_begin = .
 *(.adapter_enc)
                0x01e0ec90                adapter_enc_end = .
                0x01e0ec90                . = ALIGN (0x4)
                0x01e0ec90                adapter_decoder_begin = .
 *(.adapter_decoder)
                0x01e0ec90                adapter_decoder_end = .
                0x01e0ec90                . = ALIGN (0x4)
                0x01e0ec90                adapter_encoder_begin = .
 *(.adapter_encoder)
                0x01e0ec90                adapter_encoder_end = .
                0x01e0ec90                chargeIc_dev_begin = .
 *(.chargeIc_dev)
                0x01e0ec90                chargeIc_dev_end = .
                0x01e0ec90                . = ALIGN (0x4)
                0x01e0ec90                . = ALIGN (0x4)
 *(.text*)
 .text          0x01e0ec90     0x85dc ../../../../cpu/br23/tools/sdk.elf.o
                0x01e10c26                update_result_get
                0x01e10c62                __errno
                0x01e121d8                lib_btstack_version
                0x01e121dc                lib_media_version
                0x01e12820                app_load_common_code
                0x01e1381e                exception_analyze
 .text          0x01e1726c       0x14 C:/JL/pi32/pi32v2-lib/r3/libc.a(lib_a-strchr.o)
                0x01e1726c                strchr
 .text          0x01e17280      0x314 C:/JL/pi32/pi32v2-lib/r3/libcompiler-rt.a(adddf3.o)
                0x01e172c0                __adddf3
 .text          0x01e17594       0x4c C:/JL/pi32/pi32v2-lib/r3/libcompiler-rt.a(floatsidf.o)
                0x01e17594                __floatsidf
 .text          0x01e175e0      0x2fa C:/JL/pi32/pi32v2-lib/r3/libcompiler-rt.a(muldf3.o)
                0x01e17616                __muldf3
 .text          0x01e178da        0x6 C:/JL/pi32/pi32v2-lib/r3/libcompiler-rt.a(subdf3.o)
                0x01e178da                __subdf3
 .text          0x01e178e0       0x10 C:/JL/pi32/pi32v2-lib/r3/libcompiler-rt.a(udivdi3.o)
                0x01e178e0                __udivdi3
 .text          0x01e178f0      0x226 C:/JL/pi32/pi32v2-lib/r3/libcompiler-rt.a(udivmoddi4.o)
                0x01e178f0                __udivmoddi4
 .text          0x01e17b16       0x7a C:/JL/pi32/pi32v2-lib/r3/libcompiler-rt.a(extendsfdf2.o)
                0x01e17b16                __extendsfdf2
 .text          0x01e17b90       0x54 C:/JL/pi32/pi32v2-lib/r3/libcompiler-rt.a(fixdfsi.o)
                0x01e17b90                __fixdfsi
 .text          0x01e17be4       0x3c C:/JL/pi32/pi32v2-lib/r3/libcompiler-rt.a(fixunsdfsi.o)
                0x01e17be4                __fixunsdfsi
 .text          0x01e17c20       0x34 C:/JL/pi32/pi32v2-lib/r3/libcompiler-rt.a(floatunsidf.o)
                0x01e17c20                __floatunsidf
 .text          0x01e17c54      0x142 C:/JL/pi32/pi32v2-lib/r3/libcompiler-rt.a(truncdfsf2.o)
                0x01e17c54                __truncdfsf2
 *(.LOG_TAG_CONST*)
 *(.rodata*)
 .rodata.str1.1
                0x01e17d96      0x55f ../../../../cpu/br23/tools/sdk.elf.o
                                0x579 (size before relaxing)
 *fill*         0x01e182f5        0xb 
 .rodata        0x01e18300     0x2bc8 ../../../../cpu/br23/tools/sdk.elf.o
 *fill*         0x01e1aec8        0x8 
 .rodata.str1.16
                0x01e1aed0      0x250 ../../../../cpu/br23/tools/sdk.elf.o
                                0x24a (size before relaxing)
 .rodata.cst32  0x01e1b120       0x40 ../../../../cpu/br23/tools/sdk.elf.o
                0x01e1b160                . = ALIGN (0x4)
                0x01e1b160                update_code_start = .
 *(.bt_updata_ram_code)
 .bt_updata_ram_code
                0x01e1b160      0x178 ../../../../cpu/br23/tools/sdk.elf.o
 *(.update_const)
 .update_const  0x01e1b2d8      0x16e ../../../../cpu/br23/tools/sdk.elf.o
 *(.update_code)
 .update_code   0x01e1b446     0x1256 ../../../../cpu/br23/tools/sdk.elf.o
                0x01e1c69c                update_code_end = .
                0x01e1c69c                . = ALIGN (0x4)
                0x01e1c69c                driver_code_start = .
                0x01e1c69c                . = ALIGN (0x4)
                0x01e1c69c                _SPI_CODE_START = .
 *(.spi_code)
                0x01e1c69c                . = ALIGN (0x4)
                0x01e1c69c                _SPI_CODE_END = .
                0x01e1c69c                clock_critical_handler_begin = .
 *(.clock_critical_txt)
 .clock_critical_txt
                0x01e1c69c       0x18 ../../../../cpu/br23/tools/sdk.elf.o
                0x01e1c69c                clock_uart
                0x01e1c6a4                clock_lrc
                0x01e1c6ac                clock_port
                0x01e1c6b4                clock_critical_handler_end = .
                0x01e1c6b4                chargestore_handler_begin = .
 *(.chargestore_callback_txt)
                0x01e1c6b4                chargestore_handler_end = .
                0x01e1c6b4                CLOCK_CODE_START = .
 *(.clock_code)
 .clock_code    0x01e1c6b4      0x57a ../../../../cpu/br23/tools/sdk.elf.o
 *(.clock_const)
 .clock_const   0x01e1cc2e        0x4 ../../../../cpu/br23/tools/sdk.elf.o
                0x0000057e                CLOCK_CODE_SIZE = ABSOLUTE ((. - CLOCK_CODE_START))
 *(.debug_code)
 *(.debug_const)
 *(.power_code)
 *(.power_const)
 *(.uart_code)
 *(.uart_const)
                0x01e1cc32                driver_code_end = .
                0x01e1cc34                . = ALIGN (0x4)
 *fill*         0x01e1cc32        0x2 
                0x00000000                . = ORIGIN (ram0)
                0x00000000                _data_code_begin = .
                0x00000000                bank_code_run_addr = .
                0x00000000                common_code_run_addr = .

.data           0x00000000     0x4b94
 *(.data_magic)
 .data_magic    0x00000000       0x40 ../../../../cpu/br23/tools/sdk.elf.o
                0x00000000                data_magic
                0x00000040                . = ALIGN (0x4)
 *(.flushinv_icache)
 *(.volatile_ram_code)
 .volatile_ram_code
                0x00000040     0x1866 ../../../../cpu/br23/tools/sdk.elf.o
                0x00000122                sfc_suspend
                0x000004c0                exit_continue_mode
                0x0000050a                enter_continue_mode
                0x0000054e                __udelay
                0x000005c2                update_norflash_write_protect
                0x00000740                read_flash_id
                0x00000866                sfc_drop_cache
                0x000008dc                norflash_erase
                0x0000096c                flushinv_dcache_api
                0x00000a62                spi_cache_way_switch
                0x00000af4                switch_to_hrc
                0x00000b3e                spi_soft_writebyte
                0x00000c96                spi_soft_readbyte
                0x00000d00                ze_flash_cam_patch
                0x00000dca                check_flash_type
                0x00000e36                check_ze_flash_id
                0x00000e72                flash_enter_2bit_mode_by_spi_soft
                0x00000f48                flash_enter_4bit_mode_by_spi_soft
                0x0000107a                flash_exit_2bit_mode_by_spi_soft
                0x000010fa                flash_exit_4bit_mode_by_spi_soft
                0x00001204                norflash_get_uuid
                0x00001348                spi_for_maskrom_init
                0x00001636                spi_port_sel
                0x000017c2                hw_mmu_disable
                0x000017ce                bredr_link_clk_offset
                0x000017e0                lc_local_slot_bitoff
                0x0000186c                audio_bt_time_read
 .volatile_ram_code
                0x000018a6      0x15c ../../../../cpu/br23/liba/cpu.a(startup.S.o)
                0x000018a6                __BT_UPDATA_JUMP
                0x0000192a                __JUMP_TO_MASKROM
                0x00001970                __DEV_UPDATA_JUMP
                0x000019f0                exception_irq_handler
 *(.chargebox_code)
 *(.os_critical_code)
 .os_critical_code
                0x00001a02      0x55a ../../../../cpu/br23/tools/sdk.elf.o
                0x00001a38                jiffies_half_msec
                0x00001a90                jiffies_msec
                0x00001a98                vmalloc_
                0x00001b98                vfree_
                0x00001ccc                vfree_v2
                0x00001d72                vcopy_
                0x00001dbe                vmalloc_v2
                0x00001f36                jiffies_msec2offset
                0x00001f4e                jiffies_offset2msec
 *(.chargebox_code)
 *(.os_code)
 .os_code       0x00001f5c     0x18ec ../../../../cpu/br23/tools/sdk.elf.o
 *(.os_const)
 *(.ui_ram)
 *(.fat_data_code)
 *(.gpio_ram)
 .gpio_ram      0x00003848      0x514 ../../../../cpu/br23/tools/sdk.elf.o
                0x00003d5c                . = ALIGN (0x4)
                0x00003d5c                . = ALIGN (0x4)
 *(.rec_data)
                0x00003d5c                . = ALIGN (0x4)
 *(.rec_bss)
                0x00003d5c                . = ALIGN (0x4)
                0x00003d5c                . = ALIGN (0x4)
                0x00003d5c                media_data_code_start = .
                0x00003d5c                . = ALIGN (0x4)
 *(.sbc_eng_code)
                0x00003d5c                . = ALIGN (0x4)
                0x00003d5c                media_data_code_end = .
                0x00003d5c                . = ALIGN (0x4)
                0x00003d5c                _data_code_end = .
                0x00003d5c                _cpu_store_begin = .
                0x00003d60                . = ALIGN (0x20)
 *fill*         0x00003d5c        0x4 
                0x00003d60                btstack_data_start = .
 *(.bt_stack_data)
 .bt_stack_data
                0x00003d60       0x48 ../../../../cpu/br23/tools/sdk.elf.o
 *(.ble_db_data)
 *(.ble_sm_data)
 *(.ble_att_data)
 *(.ble_gatt_data)
                0x00003da8                BTSTACK_LE_HOST_MESH_DATA_START = .
                0x00003da8                . = ((. + 0x3) & 0xfffffffc)
                0x00003da8                _net_buf_pool_list = .
 *(._net_buf_pool.static.*)
 *(.ble_mesh_data)
 *(.ble_mesh_tinycrypt_data)
                0x00000000                BTSTACK_LE_HOST_MESH_DATA_SIZE = ABSOLUTE ((. - BTSTACK_LE_HOST_MESH_DATA_START))
                0x00003da8                _fmna_data_begin = .
 *(.fmna_stack_data)
 *(.fmna_plaform_data)
 *(.fmna_crypto_data)
                0x00003da8                _fmna_data_end = .
                0x00000000                btstack_fmna_data_size = (_fmna_data_end - _fmna_data_begin)
                0x00003da8                . = ALIGN (0x4)
                0x00003da8                btstack_data_end = .
                0x00003da8                . = ALIGN (0x4)
                0x00003da8                btctler_data_start = .
                0x00003da8                BTCTLER_CONTROLLER_DATA_START = .
 *(.bt_rf_data)
 .bt_rf_data    0x00003da8      0x404 ../../../../cpu/br23/tools/sdk.elf.o
 *(.vendor_manager_data)
 *(.device_manager_data)
 *(.hci_controller_data)
 .hci_controller_data
                0x000041ac       0xbe ../../../../cpu/br23/tools/sdk.elf.o
 *(.hci_interface_data)
                0x000004c2                BTCTLER_CONTROLLER_DATA_SIZE = ABSOLUTE ((. - BTCTLER_CONTROLLER_DATA_START))
                0x0000426a                BTCTLER_LE_CONTROLLER_DATA_START = .
 *(.ble_ll_data)
 *fill*         0x0000426a        0x2 
 .ble_ll_data   0x0000426c       0x14 ../../../../cpu/br23/tools/sdk.elf.o
 *(.ble_hci_data)
 .ble_hci_data  0x00004280       0xad ../../../../cpu/br23/tools/sdk.elf.o
 *(.classic_hci_data)
 *(.ble_rf_data)
 *fill*         0x0000432d        0x3 
 .ble_rf_data   0x00004330       0x6a ../../../../cpu/br23/tools/sdk.elf.o
                0x00000130                BTCTLER_LE_CONTROLLER_DATA_SIZE = ABSOLUTE ((. - BTCTLER_LE_CONTROLLER_DATA_START))
                0x0000439a                BTCTLER_CL_DATA_START = .
 *(.classic_lmp_data)
 *fill*         0x0000439a        0x2 
 .classic_lmp_data
                0x0000439c       0x10 ../../../../cpu/br23/tools/sdk.elf.o
 *(.classic_lmp_auth_data)
 *(.classic_lmp_bigint_data)
 *(.classic_lmp_crypt_data)
 *(.classic_lmp_ecdh_data)
 *(.classic_lmp_linkbulk_data)
 *(.classic_lmp_hmac_data)
 *(.classic_rf_data)
 *(.classic_bb_data)
                0x00000012                BTCTLER_CL_DATA_SIZE = ABSOLUTE ((. - BTCTLER_CL_DATA_START))
                0x000043ac                btctler_data_end = .
                0x000043ac                . = ALIGN (0x4)
                0x000043ac                . = ALIGN (0x4)
                0x000043ac                system_data_start = .
                0x000043ac                _video_subdev_begin = .
                [!provide]                PROVIDE (video_subdev_begin, .)
 *(.video_subdev.0)
 *(.video_subdev.1)
 *(.video_subdev.2)
 *(.video_subdev.3)
 *(.video_subdev.4)
 *(.video_subdev.5)
                0x000043ac                _video_subdev_end = .
                [!provide]                PROVIDE (video_subdev_end, .)
                0x000043ac                _audio_subdev_begin = .
                [!provide]                PROVIDE (audio_subdev_begin, .)
 *(.audio_subdev.0)
 *(.audio_subdev.1)
 *(.audio_subdev.2)
 *(.audio_subdev.3)
                0x000043ac                _audio_subdev_end = .
                [!provide]                PROVIDE (audio_subdev_end, .)
                0x000043ac                _iic_device_begin = .
                [!provide]                PROVIDE (iic_device_begin, .)
 *(.iic)
                0x000043ac                _iic_device_end = .
                [!provide]                PROVIDE (iic_device_end, .)
                0x000043ac                _avin_spi_device_begin = .
                [!provide]                PROVIDE (avin_spi_device_begin, .)
 *(.sw_spi)
                0x000043ac                _avin_spi_device_end = .
                [!provide]                PROVIDE (avin_spi_device_end, .)
                0x000043ac                _video_dev_begin = .
                [!provide]                PROVIDE (video_dev_begin, .)
 *(.video_device)
                0x000043ac                _video_dev_end = .
                [!provide]                PROVIDE (video_dev_end, .)
                0x000043ac                _key_driver_ops_begin = .
                [!provide]                PROVIDE (key_driver_ops_begin, .)
 *(.key_driver_ops)
                0x000043ac                _key_driver_ops_end = .
                [!provide]                PROVIDE (key_driver_ops_end, .)
                0x000043ac                _touch_driver_begin = .
                [!provide]                PROVIDE (touch_driver_begin, .)
 *(.touch_driver)
                0x000043ac                _touch_driver_end = .
                [!provide]                PROVIDE (touch_driver_end, .)
                0x000043ac                _static_hi_timer_begin = .
                [!provide]                PROVIDE (static_hi_timer_begin, .)
 *(.hi_timer)
                0x000043ac                _static_hi_timer_end = .
                [!provide]                PROVIDE (static_hi_timer_end, .)
                0x000043ac                _sys_cpu_timer_begin = .
                0x000043ac                PROVIDE (sys_cpu_timer_begin, .)
 *(.sys_cpu_timer)
                0x000043ac                _sys_cpu_timer_end = .
                0x000043ac                PROVIDE (sys_cpu_timer_end, .)
                0x000043ac                _sys_config_begin = .
                [!provide]                PROVIDE (sys_config_begin, .)
 *(.sys_cfg)
                0x000043ac                _sys_config_end = .
                [!provide]                PROVIDE (sys_config_end, .)
                0x000043ac                _sys_fat_begin = .
                [!provide]                PROVIDE (sys_fat_begin, .)
 *(.fs_fat)
                0x000043ac                _sys_fat_end = .
                [!provide]                PROVIDE (sys_fat_end, .)
                0x000043ac                _app_begin = .
                0x000043ac                PROVIDE (app_begin, .)
 *(.app)
 .app           0x000043ac       0x20 ../../../../cpu/br23/tools/sdk.elf.o
                0x000043cc                _app_end = .
                0x000043cc                PROVIDE (app_end, .)
                0x000043cc                _os_begin = .
                [!provide]                PROVIDE (os_begin, .)
 *(.os_str)
 .os_str        0x000043cc      0x1ea ../../../../cpu/br23/tools/sdk.elf.o
 *(.os_data)
 *fill*         0x000045b6        0x2 
 .os_data       0x000045b8       0x38 ../../../../cpu/br23/tools/sdk.elf.o
                0x000045f0                _os_end = .
                [!provide]                PROVIDE (os_end, .)
 *(.crypto_ecdh_data)
 *(.crypto_data)
 *(.mem_data)
 .mem_data      0x000045f0       0x10 ../../../../cpu/br23/tools/sdk.elf.o
 *(.os_port_data)
 *(.uECC_data)
 *(.ECDH_sample_data)
                0x00004600                __movable_slot_start = .
 *(movable.slot.*)
                0x00004600                __movable_slot_end = .
                0x00004600                system_data_end = .
                0x00004600                . = ALIGN (0x4)
                0x00004600                media_data_start = .
                0x00004600                . = ALIGN (0x4)
                0x00004600                EQ_COEFF_BASE = .
                0x000048d8                . = (EQ_COEFF_BASE + ((0x4 * EQ_SECTION_NUM) * 0xe))
 *fill*         0x00004600      0x2d8 
                0x000048d8                . = ALIGN (0x4)
 *(.jlsp_data)
                0x000048d8                . = ALIGN (0x4)
 *(.dns_common_data)
 *(.dns_param_data_single)
 *(.dns_param_data_dual)
                0x000048d8                . = ALIGN (0x4)
 *(.aec_data)
                0x000048d8                . = ALIGN (0x4)
 *(.res_data)
                0x000048d8                . = ALIGN (0x4)
 *(.ns_data)
                0x000048d8                . = ALIGN (0x4)
 *(.der_data)
                0x000048d8                . = ALIGN (0x4)
 *(.nlp_data)
                0x000048d8                . = ALIGN (0x4)
 *(.qmf_data)
                0x000048d8                . = ALIGN (0x4)
 *(.fft_data)
                0x000048d8                . = ALIGN (0x4)
 *(.bt_audioplc_data)
 *(.sms_data)
 *(.pcm_data)
 *(.g729_data)
 *(.g726_data)
 *(.wtg_dec_data)
 *(.wtgv2_data)
 *(.wtgv2dec_data)
 *(.mp3_data)
 *(.mp3_dec_data)
 *(.msbc_data)
 *(.mty_data)
 *(.mp3tsy_dec_data)
 *(.sbc_data)
 *(.sine_data)
 *(.wma_data)
 *(.wma_dec_data)
 *(.speex_dec_data)
 *(.speex_data)
 *(.opus_data)
 *(.amr_data)
 *(.midi_data)
 *(.speex_data)
 *(.speex_dec_data)
 *(.audio_decoder_data)
 *(.mp3_encode_data)
 *(.media_device_data)
 *(.audio_encoder_data)
 *(.mixer_data)
 *(.stream_data)
 *(.dec_server_data)
 *(.rec_server_data)
 *(.auto_mute_data)
 *(.plc_data)
 *(.wireless_sync_data)
 *(.resample_cal_data)
 *(.bt_compressor_data)
 *(.bt_crossOver_data)
 *(.bt_limiter_data)
 *(.bt_compressor_sparse_data)
 *(.bt_limiter_sparse_data)
 *(.bt_crossOver_sparse_data)
 *(.iap_data)
 *(.audio_bfilt_data)
 *(.audio_buf_sync_data)
 *(.audio_dec_app_data)
 *(.audio_dec_app_sync_data)
 *(.audio_dig_vol_data)
 *(.audio_echo_reverb_data)
 *(.audio_echo_src_data)
 *(.audio_energy_detect_data)
 *(.audio_eq_data)
 .audio_eq_data
                0x000048d8       0x6c ../../../../cpu/br23/tools/sdk.elf.o
 *(.audio_drc_data)
 *(.audio_eq_drc_apply_data)
 *(.audio_equalloudness_data)
 *(.audio_howling_data)
 *(.audio_noisegate_data)
 *(.audio_output_dac_data)
 *(.audio_pemafrow_data)
 *(.audio_pitch_data)
 *(.audio_pitchspeed_data)
 *(.audio_surround_data)
 *(.audio_vbass_data)
 *(.audio_vocal_remove_data)
 *(.audio_vocal_tract_synthesis_data)
 *(.eq_config_data)
 *(.eq_config_protocol_data)
 *(.spectrum_eq_data)
 *(.spectrum_fft_data)
 *(.audio_localtws_data)
 *(.audio_dec_localtws_data)
 *(.audio_dec_a2dp_data)
 *(.audio_dec_esco_data)
 *(.audio_dec_file_data)
 *(.audio_dec_pcm_data)
 *(.audio_resample_data)
 *(.audio_splicing_data)
 *(.channel_switch_data)
 *(.sw_drc_data)
 *(.aptx_decoder_data)
 *(.ldac_decoder_data)
 *(.speex_encoder_data)
 *(.sbc_encoder_data)
 *(.opus_encoder_data)
 *(.amr_encoder_data)
 *(.prevent_task_fill_data)
 *(.audio_cfifo_data)
 *(.audio_track_data)
 *(.audio_adc_data)
 *(.audio_dac_data)
 *(.audio_linein_data)
 *(.audio_link_data)
 *(.audio_sample_sync_data)
 *(.audio_wireless_sync_data)
 *(.audio_spdif_data)
 *(.audio_src_data)
 *(.audio_src_base_data)
 .audio_src_base_data
                0x00004944       0x64 ../../../../cpu/br23/tools/sdk.elf.o
 *(.effectrs_sync_data)
 *(.eq_design_data)
 *(.hw_eq_data)
 *(.iic_data)
 *(.mic_cap_data)
 .mic_cap_data  0x000049a8        0x1 ../../../../cpu/br23/tools/sdk.elf.o
 *(.sbc_hwaccel_data)
 *fill*         0x000049a9        0x3 
 .sbc_hwaccel_data
                0x000049ac       0x58 ../../../../cpu/br23/tools/sdk.elf.o
 *(.resample_fastcal_data)
 *(.aac_data)
 *(.alac_data)
                0x00004a04                . = ALIGN (0x4)
 *(.dec2tws_mem)
                0x00004a04                . = ALIGN (0x4)
 *(.lc3_decoder_data)
                0x00004a04                . = ALIGN (0x4)
 *(.midi_mem)
 *(.midi_ctrl_mem)
 *(.lfwordana_data)
                0x00004a04                media_data_end = .
                0x00004a04                . = ALIGN (0x4)
 *(.data*)
 *fill*         0x00004a04        0xc 
 .data          0x00004a10       0xf4 ../../../../cpu/br23/tools/sdk.elf.o
 *(.cvsd_data)
                0x00004b04                . = ALIGN (0x4)
                0x00004b04                dec_board_param_mem_begin = .
 *(.dec_board_param_mem)
                0x00004b04                dec_board_param_mem_end = .
                0x00004b04                . = ALIGN (0x4)
 *(.sbc_eng_code)
                0x00004b04                . = ALIGN (0x4)
                0x00004b04                . = ALIGN (0x4)
                0x00004b04                update_data_start = .
                0x00004b04                update_data_end = .
                0x00004b04                . = ALIGN (0x4)
                0x00004b04                driver_data_start = .
                0x00004b04                CLOCK_DATA_START = .
 *(.clock_data)
 .clock_data    0x00004b04       0x90 ../../../../cpu/br23/tools/sdk.elf.o
                0x00000090                CLOCK_DATA_SIZE = ABSOLUTE ((. - CLOCK_DATA_START))
 *(.debug_data)
 *(.power_data)
 *(.uart_data)
                0x00004b94                driver_data_end = .
                0x00004b94                . = ALIGN (0x4)

.irq_stack      0x00004ba0      0x848
 *(.stack_magic)
 .stack_magic   0x00004ba0       0x10 ../../../../cpu/br23/tools/sdk.elf.o
                0x00004ba0                stack_magic
                0x00004bb0                _cpu0_sstack_begin = .
                [!provide]                PROVIDE (cpu0_sstack_begin, .)
 *(.stack)
 .stack         0x00004bb0      0x800 ../../../../cpu/br23/liba/cpu.a(startup.S.o)
                0x000053b0                _stack
                0x000053b0                _cpu0_sstack_end = .
                [!provide]                PROVIDE (cpu0_sstack_end, .)
                0x000053b0                _stack_end = .
 *(.stack_magic0)
 .stack_magic0  0x000053b0       0x10 ../../../../cpu/br23/tools/sdk.elf.o
                0x000053b0                stack_magic0
                0x000053c0                . = ALIGN (0x4)
 *(.boot_info)
 .boot_info     0x000053c0       0x28 ../../../../cpu/br23/tools/sdk.elf.o

.bss            0x00005400     0x2b68
 *(.bss)
 .bss           0x00005400      0xb38 ../../../../cpu/br23/tools/sdk.elf.o
 *(COMMON)
 *(.cvsd_bss)
 *(.volatile_ram)
                0x00005f38                btctler_bss_start = .
                0x00005f38                BTCTLER_CONTROLLER_BSS_START = .
 *(.bd_base)
 .bd_base       0x00005f38     0x1064 ../../../../cpu/br23/tools/sdk.elf.o
                0x00005f38                bd_base
 *(.bredr_rxtx_bulk)
                0x00006f9c                acl_tx_pool = .
 *(.bredr_tx_bulk)
                0x00006f9c                acl_tx_pool_end = (acl_tx_pool + 0x0)
                0x00006f9c                . = acl_tx_pool_end
                0x00006f9c                acl_rx_pool = .
 *(.bredr_rx_bulk)
                0x00006f9c                acl_rx_pool_end = (acl_rx_pool + 0x0)
                0x00006f9c                . = acl_rx_pool_end
                0x00006f9c                tws_bulk_pool = .
                0x00006f9c                tws_bulk_pool_end = tws_bulk_pool
                0x00006f9c                . = tws_bulk_pool_end
 *(.bt_rf_bss)
 .bt_rf_bss     0x00006f9c       0x1d ../../../../cpu/br23/tools/sdk.elf.o
 *(.hci_controller_bss)
 *fill*         0x00006fb9        0x3 
 .hci_controller_bss
                0x00006fbc       0x3c ../../../../cpu/br23/tools/sdk.elf.o
 *(.hci_interface_bss)
 *(.device_manager_bss)
 *(.vendor_manager_bss)
                0x000010c0                BTCTLER_CONTROLLER_BSS_SIZE = ABSOLUTE ((. - BTCTLER_CONTROLLER_BSS_START))
                0x00006ff8                BTCTLER_LE_CONTROLLER_BSS_START = .
 *(.ble_hci_bss)
 .ble_hci_bss   0x00006ff8       0x9c ../../../../cpu/br23/tools/sdk.elf.o
 *(.ble_ll_bss)
 .ble_ll_bss    0x00007094      0x2fb ../../../../cpu/br23/tools/sdk.elf.o
 *(.ble_rf_bss)
 *fill*         0x0000738f        0x1 
 .ble_rf_bss    0x00007390        0x8 ../../../../cpu/br23/tools/sdk.elf.o
                0x000003a0                BTCTLER_LE_CONTROLLER_BSS_SIZE = ABSOLUTE ((. - BTCTLER_LE_CONTROLLER_BSS_START))
                0x00007398                BTCTLER_CL_BSS_START = .
 *(.classic_rf_bss)
 .classic_rf_bss
                0x00007398       0x68 ../../../../cpu/br23/tools/sdk.elf.o
 *(.classic_lmp_bss)
 *(.classic_lmp_auth_bss)
 *(.classic_lmp_bigint_bss)
 *(.classic_lmp_crypt_bss)
 *(.classic_lmp_ecdh_bss)
 *(.classic_lmp_linkbulk_bss)
 *(.classic_lmp_hmac_bss)
 *(.classic_bb_bss)
 *(.classic_hci_bss)
                0x00000068                BTCTLER_CL_BSS_SIZE = ABSOLUTE ((. - BTCTLER_CL_BSS_START))
                0x00007400                btctler_bss_end = .
                0x00007400                btstack_bss_start = .
 *(.bt_stack_bss)
 .bt_stack_bss  0x00007400      0x444 ../../../../cpu/br23/tools/sdk.elf.o
 *(.ble_db_bss)
 *(.ble_sm_bss)
 *(.ble_att_bss)
 .ble_att_bss   0x00007844       0x40 ../../../../cpu/br23/tools/sdk.elf.o
 *(.ble_gatt_bss)
 *(.btstack_pool)
                0x00007884                BTSTACK_LE_HOST_MESH_BSS_START = .
 *(.ble_mesh_bss)
 *(.ble_mesh_tinycrypt_bss)
                0x00000000                BTSTACK_LE_HOST_MESH_BSS_SIZE = ABSOLUTE ((. - BTSTACK_LE_HOST_MESH_BSS_START))
                0x00007884                . = ALIGN (0x4)
                0x00007884                _fmna_bss_begin = .
 *(.fmna_stack_bss)
 *(.fmna_plaform_bss)
 *(.fmna_crypto_bss)
                0x00007884                _fmna_bss_end = .
                0x00000000                btstack_fmna_bss_size = (_fmna_bss_end - _fmna_bss_begin)
                0x00007884                . = ALIGN (0x4)
                0x00007884                btstack_bss_end = .
                0x00007884                system_bss_start = .
                0x00007884                . = ALIGN (0x4)
 *(.os_bss)
 .os_bss        0x00007884      0x114 ../../../../cpu/br23/tools/sdk.elf.o
 *(.mem_heap)
 *(.memp_memory_x)
 *(.mem_bss)
 .mem_bss       0x00007998      0x1bc ../../../../cpu/br23/tools/sdk.elf.o
 *(.os_port_bss)
 .os_port_bss   0x00007b54       0x11 ../../../../cpu/br23/tools/sdk.elf.o
                0x00007b54                uxCriticalNesting
 *(.uECC_bss)
 *(.ECDH_sample_bss)
                0x00007b65                system_bss_end = .
                0x00007b65                media_bss_start = .
                0x00007b68                . = ALIGN (0x4)
 *fill*         0x00007b65        0x3 
 *(.jlsp_bss)
 *(.aec_bss)
 *(.res_bss)
 *(.ns_bss)
 *(.der_bss)
 *(.nlp_bss)
 *(.qmf_bss)
 *(.bt_audioplc_bss)
 *(.fft_bss)
 *(.sms_bss)
 *(.pcm_bss)
 *(.g729_bss)
 *(.g726_bss)
 *(.wtg_dec_bss)
 *(.wtgv2_bss)
 *(.wtgv2dec_bss)
 *(.mp3_bss)
 *(.mp3_dec_bss)
 *(.msbc_bss)
 *(.mty_bss)
 *(.mp3tsy_dec_bss)
 *(.sbc_bss)
 *(.sine_bss)
 *(.wma_bss)
 *(.wma_dec_bss)
 *(.speex_bss)
 *(.speex_dec_bss)
 *(.opus_bss)
 *(.amr_bss)
 *(.midi_bss)
 *(.speex_bss)
 *(.speex_dec_bss)
 *(.audio_decoder_bss)
 *(.mp3_encode_bss)
 *(.media_device_bss)
 *(.audio_encoder_bss)
 *(.mixer_bss)
 *(.stream_bss)
 *(.dec_server_bss)
 *(.rec_server_bss)
 *(.auto_mute_bss)
 *(.plc_bss)
 *(.wireless_sync_bss)
 *(.audio_buf)
 *(.resample_cal_bss)
 *(.bt_crossOver_bss)
 *(.bt_compressor_bss)
 *(.bt_limiter_bss)
 *(.bt_limiter_sparse_bss)
 *(.bt_crossOver_sparse_bss)
 *(.bt_compressor_sparse_bss)
 *(.iap_bss)
 *(.audio_bfilt_bss)
 *(.audio_buf_sync_bss)
 *(.audio_dec_app_bss)
 *(.audio_dec_app_sync_bss)
 *(.audio_dig_vol_bss)
 *(.audio_echo_reverb_bss)
 *(.audio_echo_src_bss)
 *(.audio_energy_detect_bss)
 *(.audio_eq_bss)
 *(.audio_drc_bss)
 *(.audio_eq_drc_apply_bss)
 *(.audio_equalloudness_bss)
 *(.audio_howling_bss)
 *(.audio_noisegate_bss)
 *(.audio_output_dac_bss)
 *(.audio_pemafrow_bss)
 *(.audio_pitch_bss)
 *(.audio_pitchspeed_bss)
 *(.audio_surround_bss)
 *(.audio_vbass_bss)
 *(.audio_vocal_remove_bss)
 *(.audio_vocal_tract_synthesis_bss)
 *(.eq_config_bss)
 *(.eq_config_protocol_bss)
 *(.spectrum_eq_bss)
 *(.spectrum_fft_bss)
 *(.audio_localtws_bss)
 *(.audio_dec_localtws_bss)
 *(.audio_dec_a2dp_bss)
 *(.audio_dec_esco_bss)
 *(.audio_dec_file_bss)
 *(.audio_dec_pcm_bss)
 *(.audio_resample_bss)
 *(.audio_splicing_bss)
 *(.channel_switch_bss)
 *(.sw_drc_bss)
 *(.aptx_decoder_bss)
 *(.ldac_decoder_bss)
 *(.speex_encoder_bss)
 *(.sbc_encoder_bss)
 *(.opus_encoder_bss)
 *(.amr_encoder_bss)
 *(.prevent_task_fill_bss)
 *(.audio_cfifo_bss)
 *(.audio_track_bss)
 *(.audio_adc_bss)
 *(.audio_dac_bss)
 *(.audio_linein_bss)
 *(.audio_link_bss)
 *(.audio_sample_sync_bss)
 *(.audio_wireless_sync_bss)
 *(.audio_spdif_bss)
 *(.audio_src_bss)
 *(.audio_src_base_bss)
 *(.effectrs_sync_bss)
 *(.eq_design_bss)
 *(.hw_eq_bss)
 *(.iic_bss)
 *(.mic_cap_bss)
 *(.sbc_hwaccel_bss)
 .sbc_hwaccel_bss
                0x00007b68       0x54 ../../../../cpu/br23/tools/sdk.elf.o
 *(.resample_fastcal_bss)
 *(.lc3_decoder_bss)
 *(.lfwordana_bss)
                0x00007bbc                media_bss_end = .
                0x00007bbc                . = ALIGN (0x4)
                0x00007bbc                NVRAM_DATA_START = .
 *(.non_volatile_ram)
 .non_volatile_ram
                0x00007bbc      0x194 ../../../../cpu/br23/tools/sdk.elf.o
                0x00000194                NVRAM_DATA_SIZE = ABSOLUTE ((. - NVRAM_DATA_START))
                0x00007d50                . = ALIGN (0x4)
                0x00007d50                NVRAM_END = .
                0x00007d50                _nv_pre_begin = .
                0x00007d50                . = ALIGN (0x4)
 *(.usb_h_dma)
 *(.usb_ep0)
 *(.dec_mix_buff)
 *(.sd0_var)
 *(.sd1_var)
 *(.dac_buff)
 *(.src_filt)
 *(.src_dma)
                0x00007d50                . = ALIGN (0x4)
                0x00007d60                . = (((. + 0x1f) / 0x20) * 0x20)
 *fill*         0x00007d50       0x10 
                0x00007d60                . = ALIGN (0x4)
                0x00007d60                update_bss_start = .
 *(.update_bss)
 .update_bss    0x00007d60      0x204 ../../../../cpu/br23/tools/sdk.elf.o
                0x00007f64                update_bss_end = .
                0x00007f64                . = ALIGN (0x4)
                0x00007f64                driver_bss_start = .
                0x00007f64                CLOCK_BSS_START = .
 *(.clock_bss)
 .clock_bss     0x00007f64        0x4 ../../../../cpu/br23/tools/sdk.elf.o
                0x00000004                CLOCK_BSS_SIZE = ABSOLUTE ((. - CLOCK_BSS_START))
 *(.debug_bss)
 *(.power_bss)
 *(.uart_bss)
 *(.sd_var)
                0x00007f68                driver_bss_end = .
                0x00007f68                . = ALIGN (0x4)

.vir_timer      0x00007f80       0x24
 *(.vir_rtc)
 .vir_rtc       0x00007f80       0x24 ../../../../cpu/br23/tools/sdk.elf.o
                0x00007fa4                _cpu_store_end = .
                0x00007fa4                overlay_begin = .

.overlay_aec    0x00007fa4        0x4 load address 0x00200000
                0x00007fa4        0x4 LONG 0xffffffff
                0x00007fa8                o_aec_end = .
 *(.aec_mem)
 *(.msbc_enc)
                [!provide]                PROVIDE (__load_start_overlay_aec, LOADADDR (.overlay_aec))
                [!provide]                PROVIDE (__load_stop_overlay_aec, (LOADADDR (.overlay_aec) + SIZEOF (.overlay_aec)))

.overlay_mp3    0x00007fa4        0x4 load address 0x00200004
                0x00007fa4        0x4 LONG 0xffffffff
                0x00007fa8                o_mp3_end = .
 *(.mp3_mem)
 *(.mp3_ctrl_mem)
 *(.mp3pick_mem)
 *(.mp3pick_ctrl_mem)
                [!provide]                PROVIDE (__load_start_overlay_mp3, LOADADDR (.overlay_mp3))
                [!provide]                PROVIDE (__load_stop_overlay_mp3, (LOADADDR (.overlay_mp3) + SIZEOF (.overlay_mp3)))

.overlay_wma    0x00007fa4        0x4 load address 0x00200008
                0x00007fa4        0x4 LONG 0xffffffff
                0x00007fa8                o_wma_end = .
 *(.wma_mem)
 *(.wma_ctrl_mem)
 *(.wmapick_mem)
 *(.wmapick_ctrl_mem)
                [!provide]                PROVIDE (__load_start_overlay_wma, LOADADDR (.overlay_wma))
                [!provide]                PROVIDE (__load_stop_overlay_wma, (LOADADDR (.overlay_wma) + SIZEOF (.overlay_wma)))

.overlay_wav    0x00007fa4        0x4 load address 0x0020000c
                0x00007fa4        0x4 LONG 0xffffffff
 *(.wav_mem)
 *(.wav_ctrl_mem)
                [!provide]                PROVIDE (__load_start_overlay_wav, LOADADDR (.overlay_wav))
                [!provide]                PROVIDE (__load_stop_overlay_wav, (LOADADDR (.overlay_wav) + SIZEOF (.overlay_wav)))

.overlay_ape    0x00007fa4        0x4 load address 0x00200010
 *(.ape_mem)
 *(.ape_ctrl_mem)
 *(.ape_dec_sparse_code)
 *(.ape_dec_sparse_const)
 *(.ape_dec_code)
 *(.ape_dec_const)
 *(.ape_dec_data)
 *(.ape_dec_bss)
                0x00007fa4        0x4 LONG 0xffffffff
 *(.ape_bss)
 *(.ape_data)
 *(.ape_const)
 *(.ape_code)
                [!provide]                PROVIDE (__load_start_overlay_ape, LOADADDR (.overlay_ape))
                [!provide]                PROVIDE (__load_stop_overlay_ape, (LOADADDR (.overlay_ape) + SIZEOF (.overlay_ape)))

.overlay_flac   0x00007fa4        0x4 load address 0x00200014
 *(.flac_dec_sparse_code)
 *(.flac_dec_sparse_const)
 *(.flac_dec_code)
 *(.flac_dec_const)
 *(.flac_dec_data)
 *(.flac_data)
 *(.flac_const)
 *(.flac_code)
                0x00007fa4        0x4 LONG 0xffffffff
 *(.flac_mem)
 *(.flac_ctrl_mem)
 *(.flac_dec_bss)
 *(.flac_bss)
                [!provide]                PROVIDE (__load_start_overlay_flac, LOADADDR (.overlay_flac))
                [!provide]                PROVIDE (__load_stop_overlay_flac, (LOADADDR (.overlay_flac) + SIZEOF (.overlay_flac)))

.overlay_noise_reduction
                0x00007fa4        0x4 load address 0x00200018
                0x00007fa4        0x4 LONG 0xffffffff
 *(.noise_reduction)
                [!provide]                PROVIDE (__load_start_overlay_noise_reduction, LOADADDR (.overlay_noise_reduction))
                [!provide]                PROVIDE (__load_stop_overlay_noise_reduction, (LOADADDR (.overlay_noise_reduction) + SIZEOF (.overlay_noise_reduction)))

.overlay_m4a    0x00007fa4        0x4 load address 0x0020001c
 *(.m4a_dec_code)
 *(.m4a_dec_ff_const)
 *(.m4a_dec_const)
 *(.m4a_dec_data)
 *(.m4a_data)
 *(.m4a_const)
 *(.m4a_code)
 *(.m4apick_mem)
 *(.m4apick_ctrl_mem)
                0x00007fa4        0x4 LONG 0xffffffff
 *(.m4a_mem)
 *(.m4a_ctrl_mem)
 *(.m4a_dec_bss)
 *(.m4a_bss)
 *(.aac_ctrl_mem)
 *(.aac_bss)
 *(.alac_ctrl_mem)
 *(.alac_bss)
                [!provide]                PROVIDE (__load_start_overlay_m4a, LOADADDR (.overlay_m4a))
                [!provide]                PROVIDE (__load_stop_overlay_m4a, (LOADADDR (.overlay_m4a) + SIZEOF (.overlay_m4a)))

.overlay_amr    0x00007fa4        0x4 load address 0x00200020
 *(.amr_dec_sparse_code)
 *(.amr_dec_sparse_const)
 *(.amr_dec_code)
 *(.amr_dec_data)
                0x00007fa4        0x4 LONG 0xffffffff
 *(.amr_mem)
 *(.amr_ctrl_mem)
 *(.amr_dec_bss)
                [!provide]                PROVIDE (__load_start_overlay_amr, LOADADDR (.overlay_amr))